<html>
<body>
<pre>
<h1>µVision Build Log</h1>
<h2>Tool Versions:</h2>
IDE-Version: ¦ÌVision V5.36.0.0
Copyright (C) 2021 ARM Ltd and ARM Germany GmbH. All rights reserved.
License Information: Liu 18511073226@163.com, ing, LIC=9WSKC-7I5DC-GKJBG-V1T17-30TQK-ZDNBU
 
Tool Versions:
Toolchain:       MDK-ARM Plus  Version: 5.36.0.0
Toolchain Path:  D:\Keil_V5.36\ARM\ARMCLANG\Bin
C Compiler:      ArmClang.exe V6.16
Assembler:       Armasm.exe V6.16
Linker/Locator:  ArmLink.exe V6.16
Library Manager: ArmAr.exe V6.16
Hex Converter:   FromElf.exe V6.16
CPU DLL:         SARMCM3.DLL V5.36.0.0
Dialog DLL:      DCM.DLL V1.17.3.0
Target DLL:      Segger\JL2CM3.dll V2.99.40.0
Dialog DLL:      TCM.DLL V1.53.0.0
 
<h2>Project:</h2>
F:\0-GitHub\Customer project\customer_projects\ING_2P4G_SDK\ING_BLE_2P4G_example\BLE_2P4G_Switch.uvprojx
Project File Date:  12/12/2023

<h2>Output:</h2>
*** Using Compiler 'V6.16', folder: 'D:\Keil_V5.36\ARM\ARMCLANG\Bin'
Rebuild target 'Target 1'
assembling startup_ing91600.s...
compiling eflash.c...
compiling peripheral_adc.c...
compiling TEST_2P4G.c...
compiling main.c...
compiling profile.c...
compiling uart_console.c...
compiling peripheral_gpio.c...
compiling peripheral_i2c.c...
compiling peripheral_pwm.c...
compiling peripheral_rtc.c...
compiling peripheral_pinctrl.c...
compiling peripheral_ssp.c...
compiling peripheral_timer.c...
compiling peripheral_sysctrl.c...
compiling peripheral_comparator.c...
compiling peripheral_uart.c...
compiling peripheral_efuse.c...
compiling peripheral_dma.c...
compiling peripheral_i2s.c...
compiling peripheral_ir.c...
compiling peripheral_keyscan.c...
compiling peripheral_pdm.c...
compiling peripheral_pte.c...
compiling peripheral_qdec.c...
compiling peripheral_usb.c...
compiling trace.c...
linking...
Program Size: Code=20472 RO-data=3764 RW-data=268 ZI-data=3040  
FromELF: creating hex file...
After Build - User command #1: fromelf.exe --bin -o BLE_2P4G_Switch.bin ./output/BLE_2P4G_Switch.axf
".\output\BLE_2P4G_Switch.axf" - 0 Error(s), 0 Warning(s).

<h2>Software Packages used:</h2>

Package Vendor: ARM
                http://www.keil.com/pack/ARM.CMSIS.5.8.0.pack
                ARM.CMSIS.5.8.0
                CMSIS (Common Microcontroller Software Interface Standard)
   * Component: CORE Version: 5.5.0

Package Vendor: INGChips
                http://www.ingchips.com/INGChips.INGCHIPS_DeviceFamilyPack.0.9.0.pack
                INGChips.INGCHIPS_DeviceFamilyPack.0.9.0
                INGChips ARM devices Device Family Pack with BSD license.

<h2>Collection of Component include folders:</h2>
  .\RTE\_Target_1
  D:\Keil_V5.36\Packs\ARM\CMSIS\5.8.0\CMSIS\Core\Include

<h2>Collection of Component Files used:</h2>

   * Component: ARM::CMSIS:CORE:5.5.0
Build Time Elapsed:  00:00:02
</pre>
</body>
</html>
