Component: ARM Compiler 6.16 Tool: armlink [5dfeaa00]

==============================================================================

Section Cross References

    main.o(.ARM.exidx.text.cube_soc_init) refers to main.o(.text.cube_soc_init) for [Anonymous Symbol]
    main.o(.text.cube_setup_peripherals) refers to peripheral_sysctrl.o(.text.SYSCTRL_ClearClkGateMulti) for SYSCTRL_ClearClkGateMulti
    main.o(.ARM.exidx.text.cube_setup_peripherals) refers to main.o(.text.cube_setup_peripherals) for [Anonymous Symbol]
    main.o(.ARM.exidx.text.cube_on_lle_init) refers to main.o(.text.cube_on_lle_init) for [Anonymous Symbol]
    main.o(.text.cb_putc) refers to peripheral_uart.o(.text.apUART_Check_TXFIFO_FULL) for apUART_Check_TXFIFO_FULL
    main.o(.text.cb_putc) refers to peripheral_uart.o(.text.UART_SendData) for UART_SendData
    main.o(.ARM.exidx.text.cb_putc) refers to main.o(.text.cb_putc) for [Anonymous Symbol]
    main.o(.text.fputc) refers to main.o(.text.cb_putc) for cb_putc
    main.o(.ARM.exidx.text.fputc) refers to main.o(.text.fputc) for [Anonymous Symbol]
    main.o(.text.config_uart) refers to peripheral_uart.o(.text.apUART_Initialize) for apUART_Initialize
    main.o(.ARM.exidx.text.config_uart) refers to main.o(.text.config_uart) for [Anonymous Symbol]
    main.o(.text.setup_peripherals) refers to main.o(.text.config_uart) for config_uart
    main.o(.text.setup_peripherals) refers to peripheral_sysctrl.o(.text.SYSCTRL_ClearClkGateMulti) for SYSCTRL_ClearClkGateMulti
    main.o(.text.setup_peripherals) refers to peripheral_pinctrl.o(.text.PINCTRL_SetPadMux) for PINCTRL_SetPadMux
    main.o(.text.setup_peripherals) refers to peripheral_gpio.o(.text.GIO_SetDirection) for GIO_SetDirection
    main.o(.text.setup_peripherals) refers to peripheral_pinctrl.o(.text.PINCTRL_Pull) for PINCTRL_Pull
    main.o(.text.setup_peripherals) refers to peripheral_gpio.o(.text.GIO_ConfigIntSource) for GIO_ConfigIntSource
    main.o(.text.setup_peripherals) refers to peripheral_gpio.o(.text.GIO_DebounceCtrl) for GIO_DebounceCtrl
    main.o(.text.setup_peripherals) refers to peripheral_gpio.o(.text.GIO_DebounceEn) for GIO_DebounceEn
    main.o(.text.setup_peripherals) refers to peripheral_gpio.o(.text.GIO_WriteValue) for GIO_WriteValue
    main.o(.ARM.exidx.text.setup_peripherals) refers to main.o(.text.setup_peripherals) for [Anonymous Symbol]
    main.o(.text.on_lle_init) refers to main.o(.text.cube_on_lle_init) for cube_on_lle_init
    main.o(.ARM.exidx.text.on_lle_init) refers to main.o(.text.on_lle_init) for [Anonymous Symbol]
    main.o(.text.on_deep_sleep_wakeup) refers to main.o(.text.setup_peripherals) for setup_peripherals
    main.o(.text.on_deep_sleep_wakeup) refers to peripheral_gpio.o(.text.GIO_EnableRetentionGroupA) for GIO_EnableRetentionGroupA
    main.o(.text.on_deep_sleep_wakeup) refers to main.o(.rodata.str1.1) for .L.str
    main.o(.ARM.exidx.text.on_deep_sleep_wakeup) refers to main.o(.text.on_deep_sleep_wakeup) for [Anonymous Symbol]
    main.o(.text.query_deep_sleep_allowed) refers to peripheral_gpio.o(.text.GIO_EnableRetentionGroupA) for GIO_EnableRetentionGroupA
    main.o(.ARM.exidx.text.query_deep_sleep_allowed) refers to main.o(.text.query_deep_sleep_allowed) for [Anonymous Symbol]
    main.o(.text.gpio_isr) refers to peripheral_gpio.o(.text.GIO_ClearAllIntStatus) for GIO_ClearAllIntStatus
    main.o(.text.gpio_isr) refers to test_2p4g.o(.text.ing24g_test_switch_mode_handler) for ing24g_test_switch_mode_handler
    main.o(.ARM.exidx.text.gpio_isr) refers to main.o(.text.gpio_isr) for [Anonymous Symbol]
    main.o(.text.uart_isr) refers to peripheral_uart.o(.text.apUART_Get_all_raw_int_stat) for apUART_Get_all_raw_int_stat
    main.o(.text.uart_isr) refers to peripheral_uart.o(.text.apUART_Check_RXFIFO_EMPTY) for apUART_Check_RXFIFO_EMPTY
    main.o(.text.uart_isr) refers to uart_console.o(.text.console_rx_data) for console_rx_data
    main.o(.ARM.exidx.text.uart_isr) refers to main.o(.text.uart_isr) for [Anonymous Symbol]
    main.o(.text.app_main) refers to main.o(.text.cube_soc_init) for cube_soc_init
    main.o(.text.app_main) refers to main.o(.rodata.evt_cb_table) for evt_cb_table
    main.o(.text.app_main) refers to main.o(.text.setup_peripherals) for setup_peripherals
    main.o(.text.app_main) refers to peripheral_sysctrl.o(.text.SYSCTRL_Init) for SYSCTRL_Init
    main.o(.text.app_main) refers to main.o(.bss.trace_ctx) for trace_ctx
    main.o(.text.app_main) refers to trace.o(.text.trace_rtt_init) for trace_rtt_init
    main.o(.text.app_main) refers to main.o(.text.gpio_isr) for gpio_isr
    main.o(.text.app_main) refers to main.o(.text.uart_isr) for uart_isr
    main.o(.text.app_main) refers to ing_2p4g.o(.text.ing2p4g_init_dual_mode) for ing2p4g_init_dual_mode
    main.o(.text.app_main) refers to uart_console.o(.text.uart_console_start) for uart_console_start
    main.o(.text.app_main) refers to test_2p4g.o(.text.ing24g_test_init) for ing24g_test_init
[...]
    att_server_indicate                      0x02005c71   Thumb Code     0  symdefs.m ABSOLUTE
    att_server_init                          0x02005cf5   Thumb Code     0  symdefs.m ABSOLUTE
    att_server_notify                        0x02005d31   Thumb Code     0  symdefs.m ABSOLUTE
    att_server_register_packet_handler       0x02005e49   Thumb Code     0  symdefs.m ABSOLUTE
    att_server_request_can_send_now_event    0x02005e55   Thumb Code     0  symdefs.m ABSOLUTE
    att_set_db                               0x02005e71   Thumb Code     0  symdefs.m ABSOLUTE
    att_set_read_callback                    0x02005e85   Thumb Code     0  symdefs.m ABSOLUTE
    att_set_write_callback                   0x02005e91   Thumb Code     0  symdefs.m ABSOLUTE
    bd_addr_cmp                              0x02006061   Thumb Code     0  symdefs.m ABSOLUTE
    bd_addr_copy                             0x02006067   Thumb Code     0  symdefs.m ABSOLUTE
    bd_addr_to_str                           0x02006071   Thumb Code     0  symdefs.m ABSOLUTE
    big_endian_read_16                       0x020060a9   Thumb Code     0  symdefs.m ABSOLUTE
    big_endian_read_32                       0x020060b1   Thumb Code     0  symdefs.m ABSOLUTE
    big_endian_store_16                      0x020060c5   Thumb Code     0  symdefs.m ABSOLUTE
    big_endian_store_32                      0x020060d1   Thumb Code     0  symdefs.m ABSOLUTE
    btstack_config                           0x02006231   Thumb Code     0  symdefs.m ABSOLUTE
    btstack_memory_pool_create               0x0200636f   Thumb Code     0  symdefs.m ABSOLUTE
    btstack_memory_pool_free                 0x02006399   Thumb Code     0  symdefs.m ABSOLUTE
    btstack_memory_pool_get                  0x020063f9   Thumb Code     0  symdefs.m ABSOLUTE
    btstack_push_user_msg                    0x02006461   Thumb Code     0  symdefs.m ABSOLUTE
    btstack_push_user_runnable               0x0200646d   Thumb Code     0  symdefs.m ABSOLUTE
    btstack_reset                            0x02006479   Thumb Code     0  symdefs.m ABSOLUTE
    char_for_nibble                          0x020067a1   Thumb Code     0  symdefs.m ABSOLUTE
    eTaskConfirmSleepModeStatus              0x02006b59   Thumb Code     0  symdefs.m ABSOLUTE
    gap_add_dev_to_periodic_list             0x020071c9   Thumb Code     0  symdefs.m ABSOLUTE
    gap_add_whitelist                        0x020071d9   Thumb Code     0  symdefs.m ABSOLUTE
    gap_aes_encrypt                          0x020071e5   Thumb Code     0  symdefs.m ABSOLUTE
    gap_clear_white_lists                    0x0200721d   Thumb Code     0  symdefs.m ABSOLUTE
    gap_clr_adv_set                          0x02007229   Thumb Code     0  symdefs.m ABSOLUTE
    gap_clr_periodic_adv_list                0x02007235   Thumb Code     0  symdefs.m ABSOLUTE
    gap_create_connection_cancel             0x02007241   Thumb Code     0  symdefs.m ABSOLUTE
    gap_default_periodic_adv_sync_transfer_param 0x0200724d   Thumb Code     0  symdefs.m ABSOLUTE
    gap_disconnect                           0x02007265   Thumb Code     0  symdefs.m ABSOLUTE
    gap_disconnect_all                       0x02007291   Thumb Code     0  symdefs.m ABSOLUTE
    gap_ext_create_connection                0x020072d1   Thumb Code     0  symdefs.m ABSOLUTE
    gap_get_connection_parameter_range       0x020073a9   Thumb Code     0  symdefs.m ABSOLUTE
    gap_le_read_channel_map                  0x020073e5   Thumb Code     0  symdefs.m ABSOLUTE
    gap_periodic_adv_create_sync             0x02007451   Thumb Code     0  symdefs.m ABSOLUTE
    gap_periodic_adv_create_sync_cancel      0x02007475   Thumb Code     0  symdefs.m ABSOLUTE
    gap_periodic_adv_set_info_transfer       0x02007481   Thumb Code     0  symdefs.m ABSOLUTE
    gap_periodic_adv_sync_transfer           0x02007491   Thumb Code     0  symdefs.m ABSOLUTE
    gap_periodic_adv_sync_transfer_param     0x020074a1   Thumb Code     0  symdefs.m ABSOLUTE
    gap_periodic_adv_term_sync               0x020074bd   Thumb Code     0  symdefs.m ABSOLUTE
    gap_read_antenna_info                    0x02007545   Thumb Code     0  symdefs.m ABSOLUTE
    gap_read_periodic_adv_list_size          0x02007551   Thumb Code     0  symdefs.m ABSOLUTE
    gap_read_phy                             0x0200755d   Thumb Code     0  symdefs.m ABSOLUTE
    gap_read_remote_used_features            0x02007569   Thumb Code     0  symdefs.m ABSOLUTE
    gap_read_remote_version                  0x02007575   Thumb Code     0  symdefs.m ABSOLUTE
    gap_read_rssi                            0x02007581   Thumb Code     0  symdefs.m ABSOLUTE
    gap_remove_whitelist                     0x0200758d   Thumb Code     0  symdefs.m ABSOLUTE
    gap_rmv_adv_set                          0x02007609   Thumb Code     0  symdefs.m ABSOLUTE
    gap_rmv_dev_from_periodic_list           0x02007615   Thumb Code     0  symdefs.m ABSOLUTE
    gap_rx_test_v2                           0x02007625   Thumb Code     0  symdefs.m ABSOLUTE
    gap_rx_test_v3                           0x02007635   Thumb Code     0  symdefs.m ABSOLUTE
    gap_set_adv_set_random_addr              0x02007681   Thumb Code     0  symdefs.m ABSOLUTE
    gap_set_callback_for_next_hci            0x020076bd   Thumb Code     0  symdefs.m ABSOLUTE
    gap_set_connection_cte_request_enable    0x020076dd   Thumb Code     0  symdefs.m ABSOLUTE
    gap_set_connection_cte_response_enable   0x020076f9   Thumb Code     0  symdefs.m ABSOLUTE
    gap_set_connection_cte_rx_param          0x02007709   Thumb Code     0  symdefs.m ABSOLUTE
    gap_set_connection_cte_tx_param          0x0200775d   Thumb Code     0  symdefs.m ABSOLUTE
    gap_set_connection_parameter_range       0x020077a9   Thumb Code     0  symdefs.m ABSOLUTE
    gap_set_connectionless_cte_tx_enable     0x020077c1   Thumb Code     0  symdefs.m ABSOLUTE
    gap_set_connectionless_cte_tx_param      0x020077d1   Thumb Code     0  symdefs.m ABSOLUTE
    gap_set_connectionless_iq_sampling_enable 0x0200782d   Thumb Code     0  symdefs.m ABSOLUTE
    gap_set_data_length                      0x02007889   Thumb Code     0  symdefs.m ABSOLUTE
    gap_set_def_phy                          0x020078a1   Thumb Code     0  symdefs.m ABSOLUTE
    gap_set_ext_adv_data                     0x020078b1   Thumb Code     0  symdefs.m ABSOLUTE
    gap_set_ext_adv_enable                   0x020078c9   Thumb Code     0  symdefs.m ABSOLUTE
    gap_set_ext_adv_para                     0x02007939   Thumb Code     0  symdefs.m ABSOLUTE
    gap_set_ext_scan_enable                  0x02007a09   Thumb Code     0  symdefs.m ABSOLUTE
    gap_set_ext_scan_para                    0x02007a21   Thumb Code     0  symdefs.m ABSOLUTE
    gap_set_ext_scan_response_data           0x02007ac1   Thumb Code     0  symdefs.m ABSOLUTE
    gap_set_host_channel_classification      0x02007ad9   Thumb Code     0  symdefs.m ABSOLUTE
    gap_set_periodic_adv_data                0x02007ae9   Thumb Code     0  symdefs.m ABSOLUTE
    gap_set_periodic_adv_enable              0x02007b59   Thumb Code     0  symdefs.m ABSOLUTE
    gap_set_periodic_adv_para                0x02007b69   Thumb Code     0  symdefs.m ABSOLUTE
    gap_set_periodic_adv_rx_enable           0x02007b81   Thumb Code     0  symdefs.m ABSOLUTE
    gap_set_phy                              0x02007b91   Thumb Code     0  symdefs.m ABSOLUTE
    gap_set_random_device_address            0x02007bad   Thumb Code     0  symdefs.m ABSOLUTE
    gap_start_ccm                            0x02007bdd   Thumb Code     0  symdefs.m ABSOLUTE
    gap_test_end                             0x02007c25   Thumb Code     0  symdefs.m ABSOLUTE
    gap_tx_test_v2                           0x02007c31   Thumb Code     0  symdefs.m ABSOLUTE
    gap_tx_test_v4                           0x02007c49   Thumb Code     0  symdefs.m ABSOLUTE
    gap_update_connection_parameters         0x02007c6d   Thumb Code     0  symdefs.m ABSOLUTE
    gap_vendor_tx_continuous_wave            0x02007cb1   Thumb Code     0  symdefs.m ABSOLUTE
    gatt_client_cancel_write                 0x020081d9   Thumb Code     0  symdefs.m ABSOLUTE
    gatt_client_discover_characteristic_descriptors 0x020081ff   Thumb Code     0  symdefs.m ABSOLUTE
    gatt_client_discover_characteristics_for_handle_range_by_uuid128 0x0200823f   Thumb Code     0  symdefs.m ABSOLUTE
    gatt_client_discover_characteristics_for_handle_range_by_uuid16 0x0200828f   Thumb Code     0  symdefs.m ABSOLUTE
    gatt_client_discover_characteristics_for_service 0x020082df   Thumb Code     0  symdefs.m ABSOLUTE
    gatt_client_discover_primary_services    0x02008315   Thumb Code     0  symdefs.m ABSOLUTE
    gatt_client_discover_primary_services_by_uuid128 0x02008347   Thumb Code     0  symdefs.m ABSOLUTE
    gatt_client_discover_primary_services_by_uuid16 0x0200838b   Thumb Code     0  symdefs.m ABSOLUTE
    gatt_client_execute_write                0x020083c9   Thumb Code     0  symdefs.m ABSOLUTE
    gatt_client_find_included_services_for_service 0x020083ef   Thumb Code     0  symdefs.m ABSOLUTE
    gatt_client_get_mtu                      0x0200841d   Thumb Code     0  symdefs.m ABSOLUTE
    gatt_client_is_ready                     0x020084e1   Thumb Code     0  symdefs.m ABSOLUTE
    gatt_client_listen_for_characteristic_value_updates 0x020084f7   Thumb Code     0  symdefs.m ABSOLUTE
    gatt_client_prepare_write                0x02008519   Thumb Code     0  symdefs.m ABSOLUTE
    gatt_client_read_characteristic_descriptor_using_descriptor_handle 0x02008555   Thumb Code     0  symdefs.m ABSOLUTE
    gatt_client_read_long_characteristic_descriptor_using_descriptor_handle 0x0200857f   Thumb Code     0  symdefs.m ABSOLUTE
    gatt_client_read_long_characteristic_descriptor_using_descriptor_handle_with_offset 0x02008585   Thumb Code     0  symdefs.m ABSOLUTE
    gatt_client_read_long_value_of_characteristic_using_value_handle 0x020085b3   Thumb Code     0  symdefs.m ABSOLUTE
    gatt_client_read_long_value_of_characteristic_using_value_handle_with_offset 0x020085b9   Thumb Code     0  symdefs.m ABSOLUTE
    gatt_client_read_multiple_characteristic_values 0x020085e7   Thumb Code     0  symdefs.m ABSOLUTE
    gatt_client_read_value_of_characteristic_using_value_handle 0x02008617   Thumb Code     0  symdefs.m ABSOLUTE
    gatt_client_read_value_of_characteristics_by_uuid128 0x02008645   Thumb Code     0  symdefs.m ABSOLUTE
    gatt_client_read_value_of_characteristics_by_uuid16 0x02008691   Thumb Code     0  symdefs.m ABSOLUTE
    gatt_client_register_handler             0x020086dd   Thumb Code     0  symdefs.m ABSOLUTE
    gatt_client_reliable_write_long_value_of_characteristic 0x020086e9   Thumb Code     0  symdefs.m ABSOLUTE
    gatt_client_signed_write_without_response 0x02008b1d   Thumb Code     0  symdefs.m ABSOLUTE
    gatt_client_write_characteristic_descriptor_using_descriptor_handle 0x02008be1   Thumb Code     0  symdefs.m ABSOLUTE
    gatt_client_write_client_characteristic_configuration 0x02008c1b   Thumb Code     0  symdefs.m ABSOLUTE
    gatt_client_write_long_characteristic_descriptor_using_descriptor_handle 0x02008c6d   Thumb Code     0  symdefs.m ABSOLUTE
    gatt_client_write_long_characteristic_descriptor_using_descriptor_handle_with_offset 0x02008c7d   Thumb Code     0  symdefs.m ABSOLUTE
    gatt_client_write_long_value_of_characteristic 0x02008cb9   Thumb Code     0  symdefs.m ABSOLUTE
    gatt_client_write_long_value_of_characteristic_with_offset 0x02008cc9   Thumb Code     0  symdefs.m ABSOLUTE
    gatt_client_write_value_of_characteristic 0x02008d05   Thumb Code     0  symdefs.m ABSOLUTE
    gatt_client_write_value_of_characteristic_without_response 0x02008d3b   Thumb Code     0  symdefs.m ABSOLUTE
    hci_add_event_handler                    0x0200a35d   Thumb Code     0  symdefs.m ABSOLUTE
    hci_power_control                        0x0200ab05   Thumb Code     0  symdefs.m ABSOLUTE
    hci_register_acl_packet_handler          0x0200acb9   Thumb Code     0  symdefs.m ABSOLUTE
    kv_commit                                0x0200b3ed   Thumb Code     0  symdefs.m ABSOLUTE
    kv_get                                   0x0200b449   Thumb Code     0  symdefs.m ABSOLUTE
    kv_init                                  0x0200b455   Thumb Code     0  symdefs.m ABSOLUTE
    kv_init_backend                          0x0200b4d5   Thumb Code     0  symdefs.m ABSOLUTE
    kv_put                                   0x0200b4e9   Thumb Code     0  symdefs.m ABSOLUTE
    kv_remove                                0x0200b4f5   Thumb Code     0  symdefs.m ABSOLUTE
    kv_remove_all                            0x0200b529   Thumb Code     0  symdefs.m ABSOLUTE
    kv_value_modified                        0x0200b559   Thumb Code     0  symdefs.m ABSOLUTE
    kv_value_modified_of_key                 0x0200b575   Thumb Code     0  symdefs.m ABSOLUTE
    kv_visit                                 0x0200b581   Thumb Code     0  symdefs.m ABSOLUTE
    l2cap_add_event_handler                  0x0200b611   Thumb Code     0  symdefs.m ABSOLUTE
    l2cap_can_send_packet_now                0x0200b621   Thumb Code     0  symdefs.m ABSOLUTE
    l2cap_create_le_credit_based_connection_request 0x0200b7e5   Thumb Code     0  symdefs.m ABSOLUTE
    l2cap_credit_based_send                  0x0200b92d   Thumb Code     0  symdefs.m ABSOLUTE
    l2cap_credit_based_send_continue         0x0200b959   Thumb Code     0  symdefs.m ABSOLUTE
    l2cap_disconnect                         0x0200b9d5   Thumb Code     0  symdefs.m ABSOLUTE
    l2cap_get_le_credit_based_connection_credits 0x0200bbc1   Thumb Code     0  symdefs.m ABSOLUTE
    l2cap_get_peer_mtu_for_local_cid         0x0200bbdd   Thumb Code     0  symdefs.m ABSOLUTE
    l2cap_init                               0x0200c01d   Thumb Code     0  symdefs.m ABSOLUTE
    l2cap_le_send_flow_control_credit        0x0200c113   Thumb Code     0  symdefs.m ABSOLUTE
    l2cap_max_le_mtu                         0x0200c421   Thumb Code     0  symdefs.m ABSOLUTE
    l2cap_register_packet_handler            0x0200c549   Thumb Code     0  symdefs.m ABSOLUTE
    l2cap_register_service                   0x0200c555   Thumb Code     0  symdefs.m ABSOLUTE
    l2cap_request_can_send_now_event         0x0200c665   Thumb Code     0  symdefs.m ABSOLUTE
    l2cap_request_connection_parameter_update 0x0200c67f   Thumb Code     0  symdefs.m ABSOLUTE
    l2cap_send_echo_request                  0x0200cb61   Thumb Code     0  symdefs.m ABSOLUTE
    l2cap_unregister_service                 0x0200cc41   Thumb Code     0  symdefs.m ABSOLUTE
    le_device_db_add                         0x0200cc99   Thumb Code     0  symdefs.m ABSOLUTE
    le_device_db_find                        0x0200cd71   Thumb Code     0  symdefs.m ABSOLUTE
    le_device_db_from_key                    0x0200cd9d   Thumb Code     0  symdefs.m ABSOLUTE
    le_device_db_iter_cur                    0x0200cda5   Thumb Code     0  symdefs.m ABSOLUTE
    le_device_db_iter_cur_key                0x0200cda9   Thumb Code     0  symdefs.m ABSOLUTE
    le_device_db_iter_init                   0x0200cdad   Thumb Code     0  symdefs.m ABSOLUTE
    le_device_db_iter_next                   0x0200cdb5   Thumb Code     0  symdefs.m ABSOLUTE
    le_device_db_remove_key                  0x0200cddb   Thumb Code     0  symdefs.m ABSOLUTE
    ll_ackable_packet_alloc                  0x0200ce07   Thumb Code     0  symdefs.m ABSOLUTE
    ll_ackable_packet_get_status             0x0200cf43   Thumb Code     0  symdefs.m ABSOLUTE
    ll_ackable_packet_run                    0x0200cfb1   Thumb Code     0  symdefs.m ABSOLUTE
    ll_ackable_packet_set_tx_data            0x0200d069   Thumb Code     0  symdefs.m ABSOLUTE
    ll_adjust_conn_peer_tx_power             0x0200d085   Thumb Code     0  symdefs.m ABSOLUTE
    ll_aes_encrypt                           0x0200d0b1   Thumb Code     0  symdefs.m ABSOLUTE
    ll_allow_nonstandard_adv_type            0x0200d125   Thumb Code     0  symdefs.m ABSOLUTE
    ll_attach_cte_to_adv_set                 0x0200d13d   Thumb Code     0  symdefs.m ABSOLUTE
    ll_channel_monitor_alloc                 0x0200d2d5   Thumb Code     0  symdefs.m ABSOLUTE
    ll_channel_monitor_check_each_pdu        0x0200d357   Thumb Code     0  symdefs.m ABSOLUTE
    ll_channel_monitor_run                   0x0200d3b9   Thumb Code     0  symdefs.m ABSOLUTE
    ll_config                                0x0200d489   Thumb Code     0  symdefs.m ABSOLUTE
    ll_free                                  0x0200d4bf   Thumb Code     0  symdefs.m ABSOLUTE
    ll_get_conn_events_info                  0x0200d4c9   Thumb Code     0  symdefs.m ABSOLUTE
    ll_get_conn_info                         0x0200d5b1   Thumb Code     0  symdefs.m ABSOLUTE
    ll_get_heap_free_size                    0x0200d601   Thumb Code     0  symdefs.m ABSOLUTE
    ll_hint_on_ce_len                        0x0200d615   Thumb Code     0  symdefs.m ABSOLUTE
    ll_legacy_adv_set_interval               0x0200d64d   Thumb Code     0  symdefs.m ABSOLUTE
    ll_lock_frequency                        0x0200d65d   Thumb Code     0  symdefs.m ABSOLUTE
    ll_malloc                                0x0200d6c1   Thumb Code     0  symdefs.m ABSOLUTE
    ll_override_whitening_init_value         0x0200d6c9   Thumb Code     0  symdefs.m ABSOLUTE
    ll_raw_packet_alloc                      0x0200d7f1   Thumb Code     0  symdefs.m ABSOLUTE
    ll_raw_packet_free                       0x0200d8c5   Thumb Code     0  symdefs.m ABSOLUTE
    ll_raw_packet_get_bare_rx_data           0x0200d8fd   Thumb Code     0  symdefs.m ABSOLUTE
    ll_raw_packet_get_iq_samples             0x0200d9bd   Thumb Code     0  symdefs.m ABSOLUTE
    ll_raw_packet_get_rx_data                0x0200da57   Thumb Code     0  symdefs.m ABSOLUTE
    ll_raw_packet_recv                       0x0200db09   Thumb Code     0  symdefs.m ABSOLUTE
    ll_raw_packet_send                       0x0200dbdd   Thumb Code     0  symdefs.m ABSOLUTE
    ll_raw_packet_set_bare_data              0x0200dcf9   Thumb Code     0  symdefs.m ABSOLUTE
    ll_raw_packet_set_bare_mode              0x0200dd37   Thumb Code     0  symdefs.m ABSOLUTE
    ll_raw_packet_set_fake_cte_info          0x0200de3b   Thumb Code     0  symdefs.m ABSOLUTE
    ll_raw_packet_set_param                  0x0200de5d   Thumb Code     0  symdefs.m ABSOLUTE
    ll_raw_packet_set_rx_cte                 0x0200debf   Thumb Code     0  symdefs.m ABSOLUTE
    ll_raw_packet_set_tx_cte                 0x0200df55   Thumb Code     0  symdefs.m ABSOLUTE
    ll_raw_packet_set_tx_data                0x0200df95   Thumb Code     0  symdefs.m ABSOLUTE
    ll_register_hci_acl_previewer            0x0200dffd   Thumb Code     0  symdefs.m ABSOLUTE
    ll_scan_set_fixed_channel                0x0200e061   Thumb Code     0  symdefs.m ABSOLUTE
    ll_scanner_enable_iq_sampling            0x0200e06d   Thumb Code     0  symdefs.m ABSOLUTE
    ll_scanner_enable_iq_sampling_on_legacy  0x0200e115   Thumb Code     0  symdefs.m ABSOLUTE
    ll_set_adv_access_address                0x0200e405   Thumb Code     0  symdefs.m ABSOLUTE
    ll_set_adv_coded_scheme                  0x0200e411   Thumb Code     0  symdefs.m ABSOLUTE
    ll_set_conn_acl_report_latency           0x0200e449   Thumb Code     0  symdefs.m ABSOLUTE
    ll_set_conn_coded_scheme                 0x0200e479   Thumb Code     0  symdefs.m ABSOLUTE
    ll_set_conn_interval_unit                0x0200e4a5   Thumb Code     0  symdefs.m ABSOLUTE
    ll_set_conn_latency                      0x0200e4b1   Thumb Code     0  symdefs.m ABSOLUTE
    ll_set_conn_tx_power                     0x0200e4e1   Thumb Code     0  symdefs.m ABSOLUTE
    ll_set_cte_bit                           0x0200e511   Thumb Code     0  symdefs.m ABSOLUTE
    ll_set_def_antenna                       0x0200e539   Thumb Code     0  symdefs.m ABSOLUTE
    ll_set_initiating_coded_scheme           0x0200e559   Thumb Code     0  symdefs.m ABSOLUTE
    ll_set_max_conn_number                   0x0200e565   Thumb Code     0  symdefs.m ABSOLUTE
    ll_set_tx_power_range                    0x0200e5f9   Thumb Code     0  symdefs.m ABSOLUTE
    ll_unlock_frequency                      0x0200e621   Thumb Code     0  symdefs.m ABSOLUTE
    nibble_for_char                          0x02021525   Thumb Code     0  symdefs.m ABSOLUTE
    platform_calibrate_rt_clk                0x020215cf   Thumb Code     0  symdefs.m ABSOLUTE
    platform_cancel_us_timer                 0x020215d3   Thumb Code     0  symdefs.m ABSOLUTE
    platform_config                          0x020215e9   Thumb Code     0  symdefs.m ABSOLUTE
    platform_create_us_timer                 0x0202171d   Thumb Code     0  symdefs.m ABSOLUTE
    platform_delete_timer                    0x02021731   Thumb Code     0  symdefs.m ABSOLUTE
    platform_enable_irq                      0x02021739   Thumb Code     0  symdefs.m ABSOLUTE
    platform_get_current_task                0x0202176d   Thumb Code     0  symdefs.m ABSOLUTE
    platform_get_gen_os_driver               0x02021791   Thumb Code     0  symdefs.m ABSOLUTE
    platform_get_heap_status                 0x02021799   Thumb Code     0  symdefs.m ABSOLUTE
    platform_get_link_layer_interf           0x020217b1   Thumb Code     0  symdefs.m ABSOLUTE
    platform_get_task_handle                 0x020217b9   Thumb Code     0  symdefs.m ABSOLUTE
    platform_get_timer_counter               0x020217d9   Thumb Code     0  symdefs.m ABSOLUTE
    platform_get_us_time                     0x020217dd   Thumb Code     0  symdefs.m ABSOLUTE
    platform_get_version                     0x020217e1   Thumb Code     0  symdefs.m ABSOLUTE
    platform_hrng                            0x020217fd   Thumb Code     0  symdefs.m ABSOLUTE
    platform_install_isr_stack               0x02021805   Thumb Code     0  symdefs.m ABSOLUTE
    platform_install_task_stack              0x02021811   Thumb Code     0  symdefs.m ABSOLUTE
    platform_patch_rf_init_data              0x02021849   Thumb Code     0  symdefs.m ABSOLUTE
    platform_printf                          0x02021855   Thumb Code     0  symdefs.m ABSOLUTE
    platform_raise_assertion                 0x02021869   Thumb Code     0  symdefs.m ABSOLUTE
    platform_rand                            0x0202187d   Thumb Code     0  symdefs.m ABSOLUTE
    platform_read_info                       0x02021881   Thumb Code     0  symdefs.m ABSOLUTE
    platform_read_persistent_reg             0x020218b1   Thumb Code     0  symdefs.m ABSOLUTE
    platform_reset                           0x020218bd   Thumb Code     0  symdefs.m ABSOLUTE
    platform_rt_rc_auto_tune                 0x020218d1   Thumb Code     0  symdefs.m ABSOLUTE
    platform_rt_rc_auto_tune2                0x020218d9   Thumb Code     0  symdefs.m ABSOLUTE
    platform_rt_rc_tune                      0x02021941   Thumb Code     0  symdefs.m ABSOLUTE
    platform_set_abs_timer                   0x0202195d   Thumb Code     0  symdefs.m ABSOLUTE
    platform_set_evt_callback                0x02021961   Thumb Code     0  symdefs.m ABSOLUTE
    platform_set_evt_callback_table          0x02021975   Thumb Code     0  symdefs.m ABSOLUTE
    platform_set_irq_callback                0x02021981   Thumb Code     0  symdefs.m ABSOLUTE
    platform_set_irq_callback_table          0x0202199d   Thumb Code     0  symdefs.m ABSOLUTE
    platform_set_rf_clk_source               0x020219a9   Thumb Code     0  symdefs.m ABSOLUTE
    platform_set_rf_init_data                0x020219b5   Thumb Code     0  symdefs.m ABSOLUTE
    platform_set_rf_power_mapping            0x020219c1   Thumb Code     0  symdefs.m ABSOLUTE
    platform_set_timer                       0x020219cd   Thumb Code     0  symdefs.m ABSOLUTE
    platform_shutdown                        0x020219d1   Thumb Code     0  symdefs.m ABSOLUTE
    platform_switch_app                      0x020219d5   Thumb Code     0  symdefs.m ABSOLUTE
    platform_trace_raw                       0x020219ed   Thumb Code     0  symdefs.m ABSOLUTE
    platform_write_persistent_reg            0x02021a05   Thumb Code     0  symdefs.m ABSOLUTE
    printf_hexdump                           0x02021bbd   Thumb Code     0  symdefs.m ABSOLUTE
    pvPortMalloc                             0x02022695   Thumb Code     0  symdefs.m ABSOLUTE
    pvTaskIncrementMutexHeldCount            0x0202277d   Thumb Code     0  symdefs.m ABSOLUTE
    pvTimerGetTimerID                        0x02022795   Thumb Code     0  symdefs.m ABSOLUTE
    pxPortInitialiseStack                    0x020227c1   Thumb Code     0  symdefs.m ABSOLUTE
    reverse_128                              0x020229a9   Thumb Code     0  symdefs.m ABSOLUTE
    reverse_24                               0x020229af   Thumb Code     0  symdefs.m ABSOLUTE
    reverse_256                              0x020229b5   Thumb Code     0  symdefs.m ABSOLUTE
    reverse_48                               0x020229bb   Thumb Code     0  symdefs.m ABSOLUTE
    reverse_56                               0x020229c1   Thumb Code     0  symdefs.m ABSOLUTE
    reverse_64                               0x020229c7   Thumb Code     0  symdefs.m ABSOLUTE
    reverse_bd_addr                          0x020229cd   Thumb Code     0  symdefs.m ABSOLUTE
    reverse_bytes                            0x020229d3   Thumb Code     0  symdefs.m ABSOLUTE
    sm_add_event_handler                     0x02022d61   Thumb Code     0  symdefs.m ABSOLUTE
    sm_address_resolution_lookup             0x02022eb9   Thumb Code     0  symdefs.m ABSOLUTE
    sm_authenticated                         0x02023261   Thumb Code     0  symdefs.m ABSOLUTE
    sm_authorization_decline                 0x0202326f   Thumb Code     0  symdefs.m ABSOLUTE
    sm_authorization_grant                   0x0202328f   Thumb Code     0  symdefs.m ABSOLUTE
    sm_authorization_state                   0x020232af   Thumb Code     0  symdefs.m ABSOLUTE
    sm_bonding_decline                       0x020232c9   Thumb Code     0  symdefs.m ABSOLUTE
    sm_config                                0x0202371d   Thumb Code     0  symdefs.m ABSOLUTE
    sm_config_conn                           0x02023751   Thumb Code     0  symdefs.m ABSOLUTE
    sm_encryption_key_size                   0x0202390b   Thumb Code     0  symdefs.m ABSOLUTE
    sm_just_works_confirm                    0x02023e91   Thumb Code     0  symdefs.m ABSOLUTE
    sm_le_device_key                         0x020241d1   Thumb Code     0  symdefs.m ABSOLUTE
    sm_passkey_input                         0x02024267   Thumb Code     0  symdefs.m ABSOLUTE
    sm_private_random_address_generation_get 0x02024621   Thumb Code     0  symdefs.m ABSOLUTE
    sm_private_random_address_generation_get_mode 0x02024629   Thumb Code     0  symdefs.m ABSOLUTE
    sm_private_random_address_generation_set_mode 0x02024635   Thumb Code     0  symdefs.m ABSOLUTE
    sm_private_random_address_generation_set_update_period 0x0202465d   Thumb Code     0  symdefs.m ABSOLUTE
    sm_register_external_ltk_callback        0x02024799   Thumb Code     0  symdefs.m ABSOLUTE
    sm_register_oob_data_callback            0x020247a5   Thumb Code     0  symdefs.m ABSOLUTE
    sm_request_pairing                       0x020247b1   Thumb Code     0  symdefs.m ABSOLUTE
    sm_send_security_request                 0x0202528f   Thumb Code     0  symdefs.m ABSOLUTE
    sm_set_accepted_stk_generation_methods   0x020252b5   Thumb Code     0  symdefs.m ABSOLUTE
    sm_set_authentication_requirements       0x020252c1   Thumb Code     0  symdefs.m ABSOLUTE
    sm_set_encryption_key_size_range         0x020252d1   Thumb Code     0  symdefs.m ABSOLUTE
    sscanf_bd_addr                           0x02025699   Thumb Code     0  symdefs.m ABSOLUTE
    sysSetPublicDeviceAddr                   0x02025bd5   Thumb Code     0  symdefs.m ABSOLUTE
    uuid128_to_str                           0x02026431   Thumb Code     0  symdefs.m ABSOLUTE
    uuid_add_bluetooth_prefix                0x02026489   Thumb Code     0  symdefs.m ABSOLUTE
    uuid_has_bluetooth_prefix                0x020264a9   Thumb Code     0  symdefs.m ABSOLUTE
    uxListRemove                             0x020264c5   Thumb Code     0  symdefs.m ABSOLUTE
    uxQueueMessagesWaiting                   0x020264ed   Thumb Code     0  symdefs.m ABSOLUTE
    uxQueueMessagesWaitingFromISR            0x02026515   Thumb Code     0  symdefs.m ABSOLUTE
    uxQueueSpacesAvailable                   0x02026531   Thumb Code     0  symdefs.m ABSOLUTE
    uxTaskGetStackHighWaterMark              0x0202655d   Thumb Code     0  symdefs.m ABSOLUTE
    uxTaskPriorityGet                        0x0202657d   Thumb Code     0  symdefs.m ABSOLUTE
    uxTaskPriorityGetFromISR                 0x02026599   Thumb Code     0  symdefs.m ABSOLUTE
    vListInitialise                          0x02026657   Thumb Code     0  symdefs.m ABSOLUTE
    vListInitialiseItem                      0x0202666d   Thumb Code     0  symdefs.m ABSOLUTE
    vListInsert                              0x02026673   Thumb Code     0  symdefs.m ABSOLUTE
    vListInsertEnd                           0x020266a3   Thumb Code     0  symdefs.m ABSOLUTE
    vPortEndScheduler                        0x020266bd   Thumb Code     0  symdefs.m ABSOLUTE
    vPortEnterCritical                       0x020266e9   Thumb Code     0  symdefs.m ABSOLUTE
    vPortExitCritical                        0x0202672d   Thumb Code     0  symdefs.m ABSOLUTE
    vPortFree                                0x02026761   Thumb Code     0  symdefs.m ABSOLUTE
    vPortSuppressTicksAndSleep               0x02026805   Thumb Code     0  symdefs.m ABSOLUTE
    vPortValidateInterruptPriority           0x0202692d   Thumb Code     0  symdefs.m ABSOLUTE
    vQueueDelete                             0x02026989   Thumb Code     0  symdefs.m ABSOLUTE
    vQueueWaitForMessageRestricted           0x020269b5   Thumb Code     0  symdefs.m ABSOLUTE
    vTaskDelay                               0x020269f9   Thumb Code     0  symdefs.m ABSOLUTE
    vTaskInternalSetTimeOutState             0x02026a45   Thumb Code     0  symdefs.m ABSOLUTE
    vTaskMissedYield                         0x02026a55   Thumb Code     0  symdefs.m ABSOLUTE
    vTaskPlaceOnEventList                    0x02026a61   Thumb Code     0  symdefs.m ABSOLUTE
    vTaskPlaceOnEventListRestricted          0x02026a99   Thumb Code     0  symdefs.m ABSOLUTE
    vTaskPriorityDisinheritAfterTimeout      0x02026ad9   Thumb Code     0  symdefs.m ABSOLUTE
    vTaskPrioritySet                         0x02026b85   Thumb Code     0  symdefs.m ABSOLUTE
    vTaskResume                              0x02026c4d   Thumb Code     0  symdefs.m ABSOLUTE
    vTaskStartScheduler                      0x02026cd1   Thumb Code     0  symdefs.m ABSOLUTE
    vTaskStepTick                            0x02026d61   Thumb Code     0  symdefs.m ABSOLUTE
    vTaskSuspend                             0x02026d91   Thumb Code     0  symdefs.m ABSOLUTE
    vTaskSuspendAll                          0x02026e4d   Thumb Code     0  symdefs.m ABSOLUTE
    vTaskSwitchContext                       0x02026e5d   Thumb Code     0  symdefs.m ABSOLUTE
    xPortStartScheduler                      0x02026f0d   Thumb Code     0  symdefs.m ABSOLUTE
    xQueueAddToSet                           0x02027011   Thumb Code     0  symdefs.m ABSOLUTE
    xQueueCreateCountingSemaphore            0x02027035   Thumb Code     0  symdefs.m ABSOLUTE
    xQueueCreateCountingSemaphoreStatic      0x02027071   Thumb Code     0  symdefs.m ABSOLUTE
    xQueueCreateMutex                        0x020270b5   Thumb Code     0  symdefs.m ABSOLUTE
    xQueueCreateMutexStatic                  0x020270cb   Thumb Code     0  symdefs.m ABSOLUTE
    xQueueCreateSet                          0x020270e5   Thumb Code     0  symdefs.m ABSOLUTE
    xQueueGenericCreate                      0x020270ed   Thumb Code     0  symdefs.m ABSOLUTE
    xQueueGenericCreateStatic                0x02027139   Thumb Code     0  symdefs.m ABSOLUTE
    xQueueGenericReset                       0x020271a1   Thumb Code     0  symdefs.m ABSOLUTE
    xQueueGenericSend                        0x0202722d   Thumb Code     0  symdefs.m ABSOLUTE
    xQueueGenericSendFromISR                 0x02027399   Thumb Code     0  symdefs.m ABSOLUTE
    xQueueGiveFromISR                        0x02027459   Thumb Code     0  symdefs.m ABSOLUTE
    xQueueGiveMutexRecursive                 0x020274fd   Thumb Code     0  symdefs.m ABSOLUTE
    xQueueIsQueueEmptyFromISR                0x0202753d   Thumb Code     0  symdefs.m ABSOLUTE
    xQueueIsQueueFullFromISR                 0x02027561   Thumb Code     0  symdefs.m ABSOLUTE
    xQueuePeek                               0x02027589   Thumb Code     0  symdefs.m ABSOLUTE
    xQueuePeekFromISR                        0x020276b1   Thumb Code     0  symdefs.m ABSOLUTE
    xQueueReceive                            0x0202771d   Thumb Code     0  symdefs.m ABSOLUTE
    xQueueReceiveFromISR                     0x02027849   Thumb Code     0  symdefs.m ABSOLUTE
    xQueueRemoveFromSet                      0x020278dd   Thumb Code     0  symdefs.m ABSOLUTE
    xQueueSelectFromSet                      0x020278ff   Thumb Code     0  symdefs.m ABSOLUTE
    xQueueSelectFromSetFromISR               0x02027911   Thumb Code     0  symdefs.m ABSOLUTE
    xQueueSemaphoreTake                      0x02027925   Thumb Code     0  symdefs.m ABSOLUTE
    xQueueTakeMutexRecursive                 0x02027a91   Thumb Code     0  symdefs.m ABSOLUTE
    xTaskCheckForTimeOut                     0x02027ad5   Thumb Code     0  symdefs.m ABSOLUTE
    xTaskCreate                              0x02027b45   Thumb Code     0  symdefs.m ABSOLUTE
    xTaskCreateStatic                        0x02027ba1   Thumb Code     0  symdefs.m ABSOLUTE
    xTaskGetCurrentTaskHandle                0x02027c11   Thumb Code     0  symdefs.m ABSOLUTE
    xTaskGetSchedulerState                   0x02027c1d   Thumb Code     0  symdefs.m ABSOLUTE
    xTaskGetTickCount                        0x02027c39   Thumb Code     0  symdefs.m ABSOLUTE
    xTaskGetTickCountFromISR                 0x02027c45   Thumb Code     0  symdefs.m ABSOLUTE
    xTaskIncrementTick                       0x02027c55   Thumb Code     0  symdefs.m ABSOLUTE
    xTaskPriorityDisinherit                  0x02027d21   Thumb Code     0  symdefs.m ABSOLUTE
    xTaskPriorityInherit                     0x02027db5   Thumb Code     0  symdefs.m ABSOLUTE
    xTaskRemoveFromEventList                 0x02027e49   Thumb Code     0  symdefs.m ABSOLUTE
    xTaskResumeAll                           0x02027ec9   Thumb Code     0  symdefs.m ABSOLUTE
    xTaskResumeFromISR                       0x02027f91   Thumb Code     0  symdefs.m ABSOLUTE
    xTimerCreate                             0x0202801d   Thumb Code     0  symdefs.m ABSOLUTE
    xTimerCreateStatic                       0x02028051   Thumb Code     0  symdefs.m ABSOLUTE
    xTimerCreateTimerTask                    0x02028089   Thumb Code     0  symdefs.m ABSOLUTE
    xTimerGenericCommand                     0x020280f5   Thumb Code     0  symdefs.m ABSOLUTE
    xTimerGetExpiryTime                      0x02028165   Thumb Code     0  symdefs.m ABSOLUTE
    xTimerGetTimerDaemonTaskHandle           0x02028185   Thumb Code     0  symdefs.m ABSOLUTE
    __Vectors                                0x0202b000   Data           4  startup_ing91600.o(RESET)
    __main                                   0x0202b121   Thumb Code     0  entry.o(.ARM.Collect$$$$00000000)
    _main_stk                                0x0202b121   Thumb Code     0  entry2.o(.ARM.Collect$$$$00000001)
    _main_scatterload                        0x0202b125   Thumb Code     0  entry5.o(.ARM.Collect$$$$00000004)
    __main_after_scatterload                 0x0202b129   Thumb Code     0  entry5.o(.ARM.Collect$$$$00000004)
    _main_clock                              0x0202b129   Thumb Code     0  entry7b.o(.ARM.Collect$$$$00000008)
    _main_cpp_init                           0x0202b129   Thumb Code     0  entry8b.o(.ARM.Collect$$$$0000000A)
    _main_init                               0x0202b129   Thumb Code     0  entry9a.o(.ARM.Collect$$$$0000000B)
    __rt_final_cpp                           0x0202b131   Thumb Code     0  entry10a.o(.ARM.Collect$$$$0000000D)
    __rt_final_exit                          0x0202b131   Thumb Code     0  entry11a.o(.ARM.Collect$$$$0000000F)
    UserHandler                              0x0202b1e9   Thumb Code    58  my_irq.o(.ram_code)
    ing2p4g_clear_event_int                  0x0202b225   Thumb Code    18  ing_2p4g.o(.ram_code)
    ing2p4g_clear_rx_int                     0x0202b239   Thumb Code    18  ing_2p4g.o(.ram_code)
    ing2p4g_clear_tx_int                     0x0202b24d   Thumb Code    18  ing_2p4g.o(.ram_code)
    LLE_RF_INI                               0x0202b261   Thumb Code   136  ing_2p4g.o(.ram_code)
    LLE_SPI_WRITE                            0x0202b2e9   Thumb Code    84  ing_2p4g.o(.ram_code)
    LLEInit                                  0x0202b33d   Thumb Code   564  ing_2p4g.o(.ram_code)
    SetCont                                  0x0202b571   Thumb Code   292  ing_2p4g.o(.ram_code)
    CalTime                                  0x0202b695   Thumb Code   142  ing_2p4g.o(.ram_code)
    StartEvent                               0x0202b725   Thumb Code   194  ing_2p4g.o(.ram_code)
    ing2p4g_start_2p4g_tx                    0x0202b7e9   Thumb Code   164  ing_2p4g.o(.ram_code)
    ing2p4g_lle_init                         0x0202b88d   Thumb Code   176  ing_2p4g.o(.ram_code)
    ing2p4g_get_rx_data                      0x0202b93d   Thumb Code   276  ing_2p4g.o(.ram_code)
    mode_2p4_ble_isr                         0x0202ba51   Thumb Code   246  ing_2p4g.o(.ram_code)
    ing2p4g_lle_rst                          0x0202bb49   Thumb Code    74  ing_2p4g.o(.ram_code)
    ing_ble_2p4g_state_get                   0x0202bb95   Thumb Code    12  ing_2p4g.o(.ram_code)
    GotoSleep                                0x0202bba1   Thumb Code   112  ing_2p4g.o(.ram_code)
    WkupSeq                                  0x0202bc11   Thumb Code    84  ing_2p4g.o(.ram_code)
    _2P4G_IrqHandler                         0x0202bc65   Thumb Code    60  ing_2p4g.o(.ram_code)
    Reset_Handler                            0x0202bca1   Thumb Code    14  startup_ing91600.o(.text)
    main                                     0x0202bccb   Thumb Code    14  startup_ing91600.o(.text)
    __scatterload                            0x0202bced   Thumb Code    28  init.o(.text)
    __scatterload_rt2                        0x0202bced   Thumb Code     0  init.o(.text)
    __aeabi_uldivmod                         0x0202bd11   Thumb Code    98  uldiv.o(.text)
    __aeabi_memcpy                           0x0202bd73   Thumb Code    36  memcpya.o(.text)
    __aeabi_memcpy4                          0x0202bd73   Thumb Code     0  memcpya.o(.text)
    __aeabi_memcpy8                          0x0202bd73   Thumb Code     0  memcpya.o(.text)
    strlen                                   0x0202bd97   Thumb Code    14  strlen.o(.text)
    memcmp                                   0x0202bda5   Thumb Code    26  memcmp.o(.text)
    strcpy                                   0x0202bdbf   Thumb Code    18  strcpy.o(.text)
    strcasecmp                               0x0202bdd1   Thumb Code    42  strcasecmp.o(.text)
    __aeabi_dadd                             0x0202bdfb   Thumb Code   322  dadd.o(.text)
    __aeabi_dsub                             0x0202bf3d   Thumb Code     6  dadd.o(.text)
    __aeabi_drsub                            0x0202bf43   Thumb Code     6  dadd.o(.text)
    __aeabi_ddiv                             0x0202bf49   Thumb Code   222  ddiv.o(.text)
    __aeabi_f2d                              0x0202c027   Thumb Code    38  f2d.o(.text)
    __aeabi_uidiv                            0x0202c04d   Thumb Code     0  uidiv.o(.text)
    __aeabi_uidivmod                         0x0202c04d   Thumb Code    44  uidiv.o(.text)
    __aeabi_llsl                             0x0202c079   Thumb Code    30  llshl.o(.text)
    _ll_shift_l                              0x0202c079   Thumb Code     0  llshl.o(.text)
    __aeabi_llsr                             0x0202c097   Thumb Code    32  llushr.o(.text)
    _ll_ushift_r                             0x0202c097   Thumb Code     0  llushr.o(.text)
    __aeabi_lasr                             0x0202c0b7   Thumb Code    36  llsshr.o(.text)
    _ll_sshift_r                             0x0202c0b7   Thumb Code     0  llsshr.o(.text)
    tolower                                  0x0202c0db   Thumb Code    12  tolower.o(.text)
    __I$use$fp                               0x0202c0e7   Thumb Code     0  iusefp.o(.text)
    _double_round                            0x0202c0e7   Thumb Code    30  depilogue.o(.text)
    _double_epilogue                         0x0202c105   Thumb Code   156  depilogue.o(.text)
    __aeabi_dmul                             0x0202c1a1   Thumb Code   228  dmul.o(.text)
    __aeabi_d2ulz                            0x0202c285   Thumb Code    48  dfixul.o(.text)
    __aeabi_cdrcmple                         0x0202c2b5   Thumb Code    48  cdrcmple.o(.text)
    GIO_ClearAllIntStatus                    0x0202c2e5   Thumb Code    26  peripheral_gpio.o(.text.GIO_ClearAllIntStatus)
    GIO_ConfigIntSource                      0x0202c301   Thumb Code   202  peripheral_gpio.o(.text.GIO_ConfigIntSource)
    GIO_DebounceCtrl                         0x0202c3cd   Thumb Code    82  peripheral_gpio.o(.text.GIO_DebounceCtrl)
    GIO_DebounceEn                           0x0202c421   Thumb Code    90  peripheral_gpio.o(.text.GIO_DebounceEn)
    GIO_EnableRetentionGroupA                0x0202c47d   Thumb Code    58  peripheral_gpio.o(.text.GIO_EnableRetentionGroupA)
    GIO_EnableRetentionGroupB                0x0202c4b9   Thumb Code   184  peripheral_gpio.o(.text.GIO_EnableRetentionGroupB)
    GIO_SetDirection                         0x0202c5a5   Thumb Code   162  peripheral_gpio.o(.text.GIO_SetDirection)
    GIO_WriteValue                           0x0202c649   Thumb Code   116  peripheral_gpio.o(.text.GIO_WriteValue)
    Initialize                               0x0202c6bd   Thumb Code    64  ing_2p4g.o(.text.Initialize)
    LLE_SPI_READ                             0x0202c6fd   Thumb Code    72  ing_2p4g.o(.text.LLE_SPI_READ)
    PINCTRL_Pull                             0x0202c745   Thumb Code   144  peripheral_pinctrl.o(.text.PINCTRL_Pull)
    PINCTRL_SetPadMux                        0x0202c7d5   Thumb Code   422  peripheral_pinctrl.o(.text.PINCTRL_SetPadMux)
    RSSI_LISTEN                              0x0202c97d   Thumb Code   240  ing_2p4g.o(.text.RSSI_LISTEN)
    SEGGER_RTT_GetAvailWriteSpace            0x0202ca7d   Thumb Code    34  trace.o(.text.SEGGER_RTT_GetAvailWriteSpace)
    SEGGER_RTT_Init                          0x0202caa1   Thumb Code     8  trace.o(.text.SEGGER_RTT_Init)
    SEGGER_RTT_Write                         0x0202caa9   Thumb Code    72  trace.o(.text.SEGGER_RTT_Write)
    SEGGER_RTT_WriteNoLock                   0x0202caf1   Thumb Code   176  trace.o(.text.SEGGER_RTT_WriteNoLock)
    SYSCTRL_ClearClkGate                     0x0202cba1   Thumb Code    22  peripheral_sysctrl.o(.text.SYSCTRL_ClearClkGate)
    SYSCTRL_ClearClkGateMulti                0x0202cbb9   Thumb Code    66  peripheral_sysctrl.o(.text.SYSCTRL_ClearClkGateMulti)
    SYSCTRL_Init                             0x0202cf85   Thumb Code   202  peripheral_sysctrl.o(.text.SYSCTRL_Init)
    SYSCTRL_SetLDOOutput                     0x0202d051   Thumb Code    36  peripheral_sysctrl.o(.text.SYSCTRL_SetLDOOutput)
    UART_SendData                            0x0202d075   Thumb Code    20  peripheral_uart.o(.text.UART_SendData)
    apUART_BaudRateSet                       0x0202d35d   Thumb Code   116  peripheral_uart.o(.text.apUART_BaudRateSet)
    apUART_Check_RXFIFO_EMPTY                0x0202d3d1   Thumb Code    16  peripheral_uart.o(.text.apUART_Check_RXFIFO_EMPTY)
    apUART_Check_TXFIFO_FULL                 0x0202d3e1   Thumb Code    16  peripheral_uart.o(.text.apUART_Check_TXFIFO_FULL)
    apUART_Get_all_raw_int_stat              0x0202d3f1   Thumb Code    12  peripheral_uart.o(.text.apUART_Get_all_raw_int_stat)
    apUART_Initialize                        0x0202d3fd   Thumb Code   152  peripheral_uart.o(.text.apUART_Initialize)
    app_main                                 0x0202d495   Thumb Code   100  main.o(.text.app_main)
    ble_switch_to_2p4g_trigger               0x0202d825   Thumb Code   142  profile.o(.text.ble_switch_to_2p4g_trigger)
    cb_putc                                  0x0202d99d   Thumb Code    52  main.o(.text.cb_putc)
    cb_trace_rtt                             0x0202d9d1   Thumb Code   126  trace.o(.text.cb_trace_rtt)
    cmd_access_address_set                   0x0202da51   Thumb Code   104  uart_console.o(.text.cmd_access_address_set)
    cmd_channel_set                          0x0202dab9   Thumb Code   104  uart_console.o(.text.cmd_channel_set)
    cmd_event_interrupt_clear                0x0202db21   Thumb Code    60  uart_console.o(.text.cmd_event_interrupt_clear)
    cmd_get_2g4_state                        0x0202db5d   Thumb Code   130  uart_console.o(.text.cmd_get_2g4_state)
    cmd_get_2g4_work_mode                    0x0202dbe1   Thumb Code   108  uart_console.o(.text.cmd_get_2g4_work_mode)
    cmd_help                                 0x0202dc4d   Thumb Code    36  uart_console.o(.text.cmd_help)
    cmd_phy_set                              0x0202dc71   Thumb Code   108  uart_console.o(.text.cmd_phy_set)
    cmd_power_set                            0x0202dcdd   Thumb Code   104  uart_console.o(.text.cmd_power_set)
    cmd_rx_continus                          0x0202dd45   Thumb Code   102  uart_console.o(.text.cmd_rx_continus)
    cmd_rx_data_get                          0x0202ddad   Thumb Code   172  uart_console.o(.text.cmd_rx_data_get)
    cmd_rx_interrupt_clear                   0x0202de59   Thumb Code    60  uart_console.o(.text.cmd_rx_interrupt_clear)
    cmd_rx_one_packet                        0x0202de95   Thumb Code   122  uart_console.o(.text.cmd_rx_one_packet)
    cmd_rx_timeout_set                       0x0202df11   Thumb Code   106  uart_console.o(.text.cmd_rx_timeout_set)
    cmd_shutdown                             0x0202df7d   Thumb Code    38  uart_console.o(.text.cmd_shutdown)
    cmd_stop_continus                        0x0202dfa5   Thumb Code    50  uart_console.o(.text.cmd_stop_continus)
    cmd_switch_to_2g4                        0x0202dfd9   Thumb Code    16  uart_console.o(.text.cmd_switch_to_2g4)
    cmd_switch_to_ble                        0x0202dfe9   Thumb Code    20  uart_console.o(.text.cmd_switch_to_ble)
    cmd_test_inst                            0x0202dffd   Thumb Code   144  uart_console.o(.text.cmd_test_inst)
    cmd_tx_continus                          0x0202e08d   Thumb Code   102  uart_console.o(.text.cmd_tx_continus)
    cmd_tx_one_packet                        0x0202e0f5   Thumb Code   122  uart_console.o(.text.cmd_tx_one_packet)
    comm_2p4g_start                          0x0202e171   Thumb Code   170  ing_2p4g.o(.text.comm_2p4g_start)
    comm_2p4g_stop                           0x0202e21d   Thumb Code   196  ing_2p4g.o(.text.comm_2p4g_stop)
    config_uart                              0x0202e2e1   Thumb Code    86  main.o(.text.config_uart)
    console_rx_data                          0x0202e339   Thumb Code   358  uart_console.o(.text.console_rx_data)
    continus_2g4_txrx_off                    0x0202e4d5   Thumb Code    14  test_2p4g.o(.text.continus_2g4_txrx_off)
    continus_2g4_txrx_on                     0x0202e4e5   Thumb Code    14  test_2p4g.o(.text.continus_2g4_txrx_on)
    cube_on_lle_init                         0x0202e571   Thumb Code     2  main.o(.text.cube_on_lle_init)
    cube_soc_init                            0x0202e575   Thumb Code    22  main.o(.text.cube_soc_init)
    erase_flash_sector                       0x0202e58d   Thumb Code    26  eflash.o(.text.erase_flash_sector)
    flash_get_factory_calib_data             0x0202e5a9   Thumb Code    36  eflash.o(.text.flash_get_factory_calib_data)
    flash_prepare_factory_data               0x0202e5cd   Thumb Code   156  eflash.o(.text.flash_prepare_factory_data)
    fputc                                    0x0202e669   Thumb Code    22  main.o(.text.fputc)
    gpio_isr                                 0x0202e681   Thumb Code    20  main.o(.text.gpio_isr)
    gpio_pluse_num                           0x0202e695   Thumb Code    66  test_2p4g.o(.text.gpio_pluse_num)
    handle_command                           0x0202e6d9   Thumb Code   174  uart_console.o(.text.handle_command)
    ing24g_test_do_switch_to_2p4g            0x0202e7bd   Thumb Code    58  test_2p4g.o(.text.ing24g_test_do_switch_to_2p4g)
    ing24g_test_do_switch_to_BLE             0x0202e7f9   Thumb Code    12  test_2p4g.o(.text.ing24g_test_do_switch_to_BLE)
    ing24g_test_init                         0x0202e805   Thumb Code    50  test_2p4g.o(.text.ing24g_test_init)
    ing24g_test_switch_mode_callback         0x0202e839   Thumb Code    78  test_2p4g.o(.text.ing24g_test_switch_mode_callback)
    ing24g_test_switch_mode_handler          0x0202e889   Thumb Code   152  test_2p4g.o(.text.ing24g_test_switch_mode_handler)
    ing24g_test_switch_mode_trigger          0x0202e921   Thumb Code    30  test_2p4g.o(.text.ing24g_test_switch_mode_trigger)
    ing2p4g_get_2g4_work_mode                0x0202e941   Thumb Code    56  ing_2p4g.o(.text.ing2p4g_get_2g4_work_mode)
    ing2p4g_get_state                        0x0202e979   Thumb Code    56  ing_2p4g.o(.text.ing2p4g_get_state)
    ing2p4g_init_dual_mode                   0x0202e9b1   Thumb Code    20  ing_2p4g.o(.text.ing2p4g_init_dual_mode)
    ing2p4g_lle_set_parameter                0x0202e9c5   Thumb Code    82  ing_2p4g.o(.text.ing2p4g_lle_set_parameter)
    ing2p4g_malloc_cont_mem                  0x0202ea19   Thumb Code   106  ing_2p4g.o(.text.ing2p4g_malloc_cont_mem)
    ing2p4g_set_2g4_work_mode                0x0202eb09   Thumb Code   108  ing_2p4g.o(.text.ing2p4g_set_2g4_work_mode)
    ing2p4g_set_access_address               0x0202eb75   Thumb Code   118  ing_2p4g.o(.text.ing2p4g_set_access_address)
    ing2p4g_set_channel                      0x0202ebed   Thumb Code   162  ing_2p4g.o(.text.ing2p4g_set_channel)
    ing2p4g_set_irq_callback                 0x0202ec91   Thumb Code   102  ing_2p4g.o(.text.ing2p4g_set_irq_callback)
    ing2p4g_set_phy                          0x0202ecf9   Thumb Code   206  ing_2p4g.o(.text.ing2p4g_set_phy)
    ing2p4g_set_rx_timeout                   0x0202edc9   Thumb Code   146  ing_2p4g.o(.text.ing2p4g_set_rx_timeout)
    ing2p4g_set_tx_power                     0x0202ee5d   Thumb Code   146  ing_2p4g.o(.text.ing2p4g_set_tx_power)
    ing2p4g_start_2p4g_rx                    0x0202eef1   Thumb Code   164  ing_2p4g.o(.text.ing2p4g_start_2p4g_rx)
    ing2p4g_switch_to_2G4                    0x0202ef95   Thumb Code    68  ing_2p4g.o(.text.ing2p4g_switch_to_2G4)
    ing2p4g_switch_to_BLE                    0x0202efd9   Thumb Code   112  ing_2p4g.o(.text.ing2p4g_switch_to_BLE)
    ing2p4g_switch_to_ble_mode_start         0x0202f05d   Thumb Code    14  profile.o(.text.ing2p4g_switch_to_ble_mode_start)
    ing_2p4g_config_init                     0x0202f06d   Thumb Code    62  test_2p4g.o(.text.ing_2p4g_config_init)
    on_deep_sleep_wakeup                     0x0202f181   Thumb Code    54  main.o(.text.on_deep_sleep_wakeup)
    on_lle_init                              0x0202f1b9   Thumb Code    18  main.o(.text.on_lle_init)
    program_flash                            0x0202f2dd   Thumb Code    26  eflash.o(.text.program_flash)
    query_deep_sleep_allowed                 0x0202f2f9   Thumb Code    22  main.o(.text.query_deep_sleep_allowed)
    read_flash_security                      0x0202f311   Thumb Code    80  eflash.o(.text.read_flash_security)
    setup_peripherals                        0x0202f489   Thumb Code   118  main.o(.text.setup_peripherals)
    setup_profile                            0x0202f501   Thumb Code    76  profile.o(.text.setup_profile)
    trace_rtt_init                           0x0202f5ed   Thumb Code    14  trace.o(.text.trace_rtt_init)
    uart_console_start                       0x0202f679   Thumb Code    62  uart_console.o(.text.uart_console_start)
    uart_isr                                 0x0202f6b9   Thumb Code    96  main.o(.text.uart_isr)
    write_flash                              0x0202f859   Thumb Code    66  eflash.o(.text.write_flash)
    write_flash0                             0x0202f89d   Thumb Code   202  eflash.o(.text.write_flash0)
    __0printf                                0x0202f969   Thumb Code    22  printfa.o(i.__0printf)
    __1printf                                0x0202f969   Thumb Code     0  printfa.o(i.__0printf)
    __2printf                                0x0202f969   Thumb Code     0  printfa.o(i.__0printf)
    __c89printf                              0x0202f969   Thumb Code     0  printfa.o(i.__0printf)
    printf                                   0x0202f969   Thumb Code     0  printfa.o(i.__0printf)
    __scatterload_copy                       0x0202f989   Thumb Code    14  handlers.o(i.__scatterload_copy)
    __scatterload_null                       0x0202f997   Thumb Code     2  handlers.o(i.__scatterload_null)
    __scatterload_zeroinit                   0x0202f999   Thumb Code    14  handlers.o(i.__scatterload_zeroinit)
    puts                                     0x0203025d   Thumb Code    30  puts.o(i.puts)
    io_output_source_map                     0x020306d3   Data         798  peripheral_pinctrl.o(.rodata.io_output_source_map)
    Region$$Table$$Base                      0x02031000   Number         0  anon$$obj.o(Region$$Table)
    Region$$Table$$Limit                     0x02031020   Number         0  anon$$obj.o(Region$$Table)
    __stdout                                 0x20005460   Data           4  stdout.o(.data)
    ING2P4G_Config                           0x20005574   Data          28  ing_2p4g.o(.bss.ING2P4G_Config)
    RxPkt                                    0x20005590   Data         268  ing_2p4g.o(.bss.RxPkt)
    TxPacketBuffer                           0x200057a0   Data          20  ing_2p4g.o(.bss.TxPacketBuffer)
    _SEGGER_RTT                              0x200057b4   Data          72  trace.o(.bss._SEGGER_RTT)
    ing2p4g_callback                         0x20005b18   Data          16  ing_2p4g.o(.bss.ing2p4g_callback)
    ing2p4g_state                            0x20005b28   Data           1  ing_2p4g.o(.bss.ing2p4g_state)
    input                                    0x20005b48   Data         716  uart_console.o(.bss.input)
    output                                   0x20005e14   Data         716  uart_console.o(.bss.output)
    p_ecpt                                   0x200060e0   Data           4  ing_2p4g.o(.bss.p_ecpt)
    p_rxcont                                 0x200060e4   Data           4  ing_2p4g.o(.bss.p_rxcont)
    p_txcont                                 0x200060e8   Data           4  ing_2p4g.o(.bss.p_txcont)
    trace_ctx                                0x2000615c   Data           1  main.o(.bss.trace_ctx)
    __initial_sp                             0x20006164   Data           0  startup_ing91600.o(STACK)



==============================================================================

Memory Map of the image

  Image Entry point : 0x0202b121

  Load Region LR_IROM1 (Base: 0x0202b000, Size: 0x00006130, Max: 0x00055000, ABSOLUTE)

    Execution Region ER_IROM1 (Exec base: 0x0202b000, Load base: 0x0202b000, Size: 0x00006020, Max: 0x00055000, ABSOLUTE)

    Exec Addr    Load Addr    Size         Type   Attr      Idx    E Section Name        Object

    0x0202b000   0x0202b000   0x00000120   Data   RO          249    RESET               startup_ing91600.o
    0x0202b120   0x0202b120   0x00000000   Code   RO         1967  * .ARM.Collect$$$$00000000  mc_w.l(entry.o)
    0x0202b120   0x0202b120   0x00000004   Code   RO         2062    .ARM.Collect$$$$00000001  mc_w.l(entry2.o)
    0x0202b124   0x0202b124   0x00000004   Code   RO         2065    .ARM.Collect$$$$00000004  mc_w.l(entry5.o)
    0x0202b128   0x0202b128   0x00000000   Code   RO         2067    .ARM.Collect$$$$00000008  mc_w.l(entry7b.o)
    0x0202b128   0x0202b128   0x00000000   Code   RO         2069    .ARM.Collect$$$$0000000A  mc_w.l(entry8b.o)
    0x0202b128   0x0202b128   0x00000008   Code   RO         2070    .ARM.Collect$$$$0000000B  mc_w.l(entry9a.o)
    0x0202b130   0x0202b130   0x00000000   Code   RO         2072    .ARM.Collect$$$$0000000D  mc_w.l(entry10a.o)
    0x0202b130   0x0202b130   0x00000000   Code   RO         2074    .ARM.Collect$$$$0000000F  mc_w.l(entry11a.o)
    0x0202b130   0x0202b130   0x00000004   Code   RO         2063    .ARM.Collect$$$$00002712  mc_w.l(entry2.o)
    0x0202b134   0x0202b134   0x000000b2   Code   RO          133    .ram_code           test_2p4g.o
    0x0202b1e6   0x0202b1e6   0x00000002   PAD
    0x0202b1e8   0x0202b1e8   0x0000003a   Code   RO          240    .ram_code           my_irq.o
    0x0202b222   0x0202b222   0x00000002   PAD
    0x0202b224   0x0202b224   0x00000a7c   Code   RO         1576    .ram_code           BLE_2P4G_Switch.lib(ing_2p4g.o)
    0x0202bca0   0x0202bca0   0x0000004c   Code   RO          250    .text               startup_ing91600.o
    0x0202bcec   0x0202bcec   0x00000024   Code   RO         1968    .text               mc_w.l(init.o)
    0x0202bd10   0x0202bd10   0x00000062   Code   RO         1976    .text               mc_w.l(uldiv.o)
    0x0202bd72   0x0202bd72   0x00000024   Code   RO         1980    .text               mc_w.l(memcpya.o)
    0x0202bd96   0x0202bd96   0x0000000e   Code   RO         1984    .text               mc_w.l(strlen.o)
    0x0202bda4   0x0202bda4   0x0000001a   Code   RO         1986    .text               mc_w.l(memcmp.o)
    0x0202bdbe   0x0202bdbe   0x00000012   Code   RO         1988    .text               mc_w.l(strcpy.o)
    0x0202bdd0   0x0202bdd0   0x0000002a   Code   RO         1992    .text               mc_w.l(strcasecmp.o)
    0x0202bdfa   0x0202bdfa   0x0000014e   Code   RO         2052    .text               mf_w.l(dadd.o)
    0x0202bf48   0x0202bf48   0x000000de   Code   RO         2054    .text               mf_w.l(ddiv.o)
    0x0202c026   0x0202c026   0x00000026   Code   RO         2058    .text               mf_w.l(f2d.o)
    0x0202c04c   0x0202c04c   0x0000002c   Code   RO         2086    .text               mc_w.l(uidiv.o)
    0x0202c078   0x0202c078   0x0000001e   Code   RO         2088    .text               mc_w.l(llshl.o)
    0x0202c096   0x0202c096   0x00000020   Code   RO         2090    .text               mc_w.l(llushr.o)
    0x0202c0b6   0x0202c0b6   0x00000024   Code   RO         2092    .text               mc_w.l(llsshr.o)
    0x0202c0da   0x0202c0da   0x0000000c   Code   RO         2094    .text               mc_w.l(tolower.o)
    0x0202c0e6   0x0202c0e6   0x00000000   Code   RO         2098    .text               mc_w.l(iusefp.o)
    0x0202c0e6   0x0202c0e6   0x000000ba   Code   RO         2101    .text               mf_w.l(depilogue.o)
    0x0202c1a0   0x0202c1a0   0x000000e4   Code   RO         2103    .text               mf_w.l(dmul.o)
    0x0202c284   0x0202c284   0x00000030   Code   RO         2105    .text               mf_w.l(dfixul.o)
    0x0202c2b4   0x0202c2b4   0x00000030   Code   RO         2107    .text               mf_w.l(cdrcmple.o)
    0x0202c2e4   0x0202c2e4   0x0000001a   Code   RO          430    .text.GIO_ClearAllIntStatus  peripheral_gpio.o
    0x0202c2fe   0x0202c2fe   0x00000002   PAD
    0x0202c300   0x0202c300   0x000000ca   Code   RO          412    .text.GIO_ConfigIntSource  peripheral_gpio.o
    0x0202c3ca   0x0202c3ca   0x00000002   PAD
    0x0202c3cc   0x0202c3cc   0x00000052   Code   RO          420    .text.GIO_DebounceCtrl  peripheral_gpio.o
    0x0202c41e   0x0202c41e   0x00000002   PAD
    0x0202c420   0x0202c420   0x0000005a   Code   RO          422    .text.GIO_DebounceEn  peripheral_gpio.o
    0x0202c47a   0x0202c47a   0x00000002   PAD
    0x0202c47c   0x0202c47c   0x0000003a   Code   RO          432    .text.GIO_EnableRetentionGroupA  peripheral_gpio.o
    0x0202c4b6   0x0202c4b6   0x00000002   PAD
    0x0202c4b8   0x0202c4b8   0x000000b8   Code   RO          434    .text.GIO_EnableRetentionGroupB  peripheral_gpio.o
    0x0202c570   0x0202c570   0x00000032   Code   RO          402    .text.GIO_MaskedWrite  peripheral_gpio.o
    0x0202c5a2   0x0202c5a2   0x00000002   PAD
    0x0202c5a4   0x0202c5a4   0x000000a2   Code   RO          400    .text.GIO_SetDirection  peripheral_gpio.o
    0x0202c646   0x0202c646   0x00000002   PAD
    0x0202c648   0x0202c648   0x00000074   Code   RO          406    .text.GIO_WriteValue  peripheral_gpio.o
    0x0202c6bc   0x0202c6bc   0x00000040   Code   RO         1600    .text.Initialize    BLE_2P4G_Switch.lib(ing_2p4g.o)
    0x0202c6fc   0x0202c6fc   0x00000048   Code   RO         1636    .text.LLE_SPI_READ  BLE_2P4G_Switch.lib(ing_2p4g.o)
    0x0202c744   0x0202c744   0x00000090   Code   RO          524    .text.PINCTRL_Pull  peripheral_pinctrl.o
    0x0202c7d4   0x0202c7d4   0x000001a6   Code   RO          508    .text.PINCTRL_SetPadMux  peripheral_pinctrl.o
    0x0202c97a   0x0202c97a   0x00000002   PAD
    0x0202c97c   0x0202c97c   0x000000f0   Code   RO         1640    .text.RSSI_LISTEN   BLE_2P4G_Switch.lib(ing_2p4g.o)
    0x0202ca6c   0x0202ca6c   0x0000000e   Code   RO          135    .text.RxPktIrqCallBack  test_2p4g.o
    0x0202ca7a   0x0202ca7a   0x00000002   PAD
    0x0202ca7c   0x0202ca7c   0x00000022   Code   RO         1501    .text.SEGGER_RTT_GetAvailWriteSpace  trace.o
    0x0202ca9e   0x0202ca9e   0x00000002   PAD
    0x0202caa0   0x0202caa0   0x00000008   Code   RO         1493    .text.SEGGER_RTT_Init  trace.o
    0x0202caa8   0x0202caa8   0x00000048   Code   RO         1457    .text.SEGGER_RTT_Write  trace.o
    0x0202caf0   0x0202caf0   0x000000b0   Code   RO         1453    .text.SEGGER_RTT_WriteNoLock  trace.o
    0x0202cba0   0x0202cba0   0x00000016   Code   RO          761    .text.SYSCTRL_ClearClkGate  peripheral_sysctrl.o
    0x0202cbb6   0x0202cbb6   0x00000002   PAD
    0x0202cbb8   0x0202cbb8   0x00000042   Code   RO          765    .text.SYSCTRL_ClearClkGateMulti  peripheral_sysctrl.o
    0x0202cbfa   0x0202cbfa   0x00000002   PAD
    0x0202cbfc   0x0202cbfc   0x00000386   Code   RO          759    .text.SYSCTRL_ClkGateCtrl  peripheral_sysctrl.o
    0x0202cf82   0x0202cf82   0x00000002   PAD
    0x0202cf84   0x0202cf84   0x000000ca   Code   RO          897    .text.SYSCTRL_Init  peripheral_sysctrl.o
    0x0202d04e   0x0202d04e   0x00000002   PAD
    0x0202d050   0x0202d050   0x00000024   Code   RO          869    .text.SYSCTRL_SetLDOOutput  peripheral_sysctrl.o
    0x0202d074   0x0202d074   0x00000014   Code   RO          989    .text.UART_SendData  peripheral_uart.o
    0x0202d088   0x0202d088   0x0000009c   Code   RO         1435    .text._DoInit       trace.o
    0x0202d124   0x0202d124   0x0000003e   Code   RO         1447    .text._GetAvailWriteSpace  trace.o
    0x0202d162   0x0202d162   0x00000002   PAD
    0x0202d164   0x0202d164   0x000000e0   Code   RO         1451    .text._WriteBlocking  trace.o
    0x0202d244   0x0202d244   0x00000080   Code   RO         1449    .text._WriteNoCheck  trace.o
    0x0202d2c4   0x0202d2c4   0x00000030   Code   RO         1602    .text.__NVIC_ClearPendingIRQ  BLE_2P4G_Switch.lib(ing_2p4g.o)
    0x0202d2f4   0x0202d2f4   0x00000038   Code   RO         1578    .text.__NVIC_DisableIRQ  BLE_2P4G_Switch.lib(ing_2p4g.o)
    0x0202d32c   0x0202d32c   0x00000030   Code   RO         1580    .text.__NVIC_EnableIRQ  BLE_2P4G_Switch.lib(ing_2p4g.o)
    0x0202d35c   0x0202d35c   0x00000074   Code   RO          943    .text.apUART_BaudRateSet  peripheral_uart.o
    0x0202d3d0   0x0202d3d0   0x00000010   Code   RO          949    .text.apUART_Check_RXFIFO_EMPTY  peripheral_uart.o
    0x0202d3e0   0x0202d3e0   0x00000010   Code   RO          955    .text.apUART_Check_TXFIFO_FULL  peripheral_uart.o
    0x0202d3f0   0x0202d3f0   0x0000000c   Code   RO          973    .text.apUART_Get_all_raw_int_stat  peripheral_uart.o
    0x0202d3fc   0x0202d3fc   0x00000098   Code   RO          987    .text.apUART_Initialize  peripheral_uart.o
    0x0202d494   0x0202d494   0x00000064   Code   RO           26    .text.app_main      main.o
    0x0202d4f8   0x0202d4f8   0x0000005c   Code   RO          212    .text.append_data   uart_console.o
    0x0202d554   0x0202d554   0x00000020   Code   RO           56    .text.att_read_callback  profile.o
    0x0202d574   0x0202d574   0x00000026   Code   RO           58    .text.att_write_callback  profile.o
    0x0202d59a   0x0202d59a   0x00000002   PAD
    0x0202d59c   0x0202d59c   0x0000005a   Code   RO           48    .text.ble_adv_set   profile.o
    0x0202d5f6   0x0202d5f6   0x00000002   PAD
    0x0202d5f8   0x0202d5f8   0x00000058   Code   RO           74    .text.ble_adv_set_complete_handler  profile.o
    0x0202d650   0x0202d650   0x0000001e   Code   RO           92    .text.ble_adv_startted_handler  profile.o
    0x0202d66e   0x0202d66e   0x00000002   PAD
    0x0202d670   0x0202d670   0x00000022   Code   RO           80    .text.ble_adv_stopped_handler  profile.o
    0x0202d692   0x0202d692   0x00000002   PAD
    0x0202d694   0x0202d694   0x00000034   Code   RO           78    .text.ble_connect_handler  profile.o
    0x0202d6c8   0x0202d6c8   0x00000034   Code   RO           50    .text.ble_disconn_trigger  profile.o
    0x0202d6fc   0x0202d6fc   0x00000040   Code   RO           84    .text.ble_disconnect_handler  profile.o
    0x0202d73c   0x0202d73c   0x00000038   Code   RO           72    .text.ble_hci_reset_handler  profile.o
    0x0202d774   0x0202d774   0x0000001c   Code   RO           82    .text.ble_status_clear  profile.o
    0x0202d790   0x0202d790   0x0000000c   Code   RO           46    .text.ble_status_get  profile.o
    0x0202d79c   0x0202d79c   0x00000034   Code   RO           62    .text.ble_status_set  profile.o
    0x0202d7d0   0x0202d7d0   0x00000054   Code   RO           94    .text.ble_switch_to_2p4g_check  profile.o
    0x0202d824   0x0202d824   0x0000008e   Code   RO           44    .text.ble_switch_to_2p4g_trigger  profile.o
    0x0202d8b2   0x0202d8b2   0x00000002   PAD
    0x0202d8b4   0x0202d8b4   0x00000046   Code   RO          125    .text.ble_switch_to_ble_trigger  test_2p4g.o
    0x0202d8fa   0x0202d8fa   0x00000002   PAD
    0x0202d8fc   0x0202d8fc   0x0000000c   Code   RO           66    .text.btstack_event_state_get_state  profile.o
    0x0202d908   0x0202d908   0x0000001e   Code   RO           30    .text.cb_assertion  main.o
    0x0202d926   0x0202d926   0x00000002   PAD
    0x0202d928   0x0202d928   0x00000056   Code   RO           28    .text.cb_hard_fault  main.o
    0x0202d97e   0x0202d97e   0x00000002   PAD
    0x0202d980   0x0202d980   0x0000001a   Code   RO           32    .text.cb_heap_out_of_mem  main.o
    0x0202d99a   0x0202d99a   0x00000002   PAD
    0x0202d99c   0x0202d99c   0x00000034   Code   RO            8    .text.cb_putc       main.o
    0x0202d9d0   0x0202d9d0   0x0000007e   Code   RO         1513    .text.cb_trace_rtt  trace.o
    0x0202da4e   0x0202da4e   0x00000002   PAD
    0x0202da50   0x0202da50   0x00000068   Code   RO          176    .text.cmd_access_address_set  uart_console.o
    0x0202dab8   0x0202dab8   0x00000068   Code   RO          180    .text.cmd_channel_set  uart_console.o
    0x0202db20   0x0202db20   0x0000003c   Code   RO          188    .text.cmd_event_interrupt_clear  uart_console.o
    0x0202db5c   0x0202db5c   0x00000082   Code   RO          170    .text.cmd_get_2g4_state  uart_console.o
    0x0202dbde   0x0202dbde   0x00000002   PAD
    0x0202dbe0   0x0202dbe0   0x0000006c   Code   RO          172    .text.cmd_get_2g4_work_mode  uart_console.o
    0x0202dc4c   0x0202dc4c   0x00000024   Code   RO          162    .text.cmd_help      uart_console.o
    0x0202dc70   0x0202dc70   0x0000006c   Code   RO          174    .text.cmd_phy_set   uart_console.o
    0x0202dcdc   0x0202dcdc   0x00000068   Code   RO          178    .text.cmd_power_set  uart_console.o
    0x0202dd44   0x0202dd44   0x00000066   Code   RO          196    .text.cmd_rx_continus  uart_console.o
    0x0202ddaa   0x0202ddaa   0x00000002   PAD
    0x0202ddac   0x0202ddac   0x000000ac   Code   RO          184    .text.cmd_rx_data_get  uart_console.o
    0x0202de58   0x0202de58   0x0000003c   Code   RO          186    .text.cmd_rx_interrupt_clear  uart_console.o
    0x0202de94   0x0202de94   0x0000007a   Code   RO          194    .text.cmd_rx_one_packet  uart_console.o
    0x0202df0e   0x0202df0e   0x00000002   PAD
    0x0202df10   0x0202df10   0x0000006a   Code   RO          182    .text.cmd_rx_timeout_set  uart_console.o
    0x0202df7a   0x0202df7a   0x00000002   PAD
    0x0202df7c   0x0202df7c   0x00000026   Code   RO          200    .text.cmd_shutdown  uart_console.o
    0x0202dfa2   0x0202dfa2   0x00000002   PAD
    0x0202dfa4   0x0202dfa4   0x00000032   Code   RO          198    .text.cmd_stop_continus  uart_console.o
    0x0202dfd6   0x0202dfd6   0x00000002   PAD
    0x0202dfd8   0x0202dfd8   0x00000010   Code   RO          168    .text.cmd_switch_to_2g4  uart_console.o
    0x0202dfe8   0x0202dfe8   0x00000014   Code   RO          166    .text.cmd_switch_to_ble  uart_console.o
    0x0202dffc   0x0202dffc   0x00000090   Code   RO          202    .text.cmd_test_inst  uart_console.o
    0x0202e08c   0x0202e08c   0x00000066   Code   RO          192    .text.cmd_tx_continus  uart_console.o
    0x0202e0f2   0x0202e0f2   0x00000002   PAD
    0x0202e0f4   0x0202e0f4   0x0000007a   Code   RO          190    .text.cmd_tx_one_packet  uart_console.o
    0x0202e16e   0x0202e16e   0x00000002   PAD
    0x0202e170   0x0202e170   0x000000aa   Code   RO         1614    .text.comm_2p4g_start  BLE_2P4G_Switch.lib(ing_2p4g.o)
    0x0202e21a   0x0202e21a   0x00000002   PAD
    0x0202e21c   0x0202e21c   0x000000c4   Code   RO         1618    .text.comm_2p4g_stop  BLE_2P4G_Switch.lib(ing_2p4g.o)
    0x0202e2e0   0x0202e2e0   0x00000056   Code   RO           12    .text.config_uart   main.o
    0x0202e336   0x0202e336   0x00000002   PAD
    0x0202e338   0x0202e338   0x00000166   Code   RO          210    .text.console_rx_data  uart_console.o
    0x0202e49e   0x0202e49e   0x00000002   PAD
    0x0202e4a0   0x0202e4a0   0x00000034   Code   RO          208    .text.console_task_entry  uart_console.o
    0x0202e4d4   0x0202e4d4   0x0000000e   Code   RO          121    .text.continus_2g4_txrx_off  test_2p4g.o
    0x0202e4e2   0x0202e4e2   0x00000002   PAD
    0x0202e4e4   0x0202e4e4   0x0000000e   Code   RO          119    .text.continus_2g4_txrx_on  test_2p4g.o
    0x0202e4f2   0x0202e4f2   0x00000002   PAD
    0x0202e4f4   0x0202e4f4   0x0000007a   Code   RO          275    .text.copy_security_data  eflash.o
    0x0202e56e   0x0202e56e   0x00000002   PAD
    0x0202e570   0x0202e570   0x00000002   Code   RO            6    .text.cube_on_lle_init  main.o
    0x0202e572   0x0202e572   0x00000002   PAD
    0x0202e574   0x0202e574   0x00000016   Code   RO            2    .text.cube_soc_init  main.o
    0x0202e58a   0x0202e58a   0x00000002   PAD
    0x0202e58c   0x0202e58c   0x0000001a   Code   RO          257    .text.erase_flash_sector  eflash.o
    0x0202e5a6   0x0202e5a6   0x00000002   PAD
    0x0202e5a8   0x0202e5a8   0x00000024   Code   RO          279    .text.flash_get_factory_calib_data  eflash.o
    0x0202e5cc   0x0202e5cc   0x0000009c   Code   RO          271    .text.flash_prepare_factory_data  eflash.o
    0x0202e668   0x0202e668   0x00000016   Code   RO           10    .text.fputc         main.o
    0x0202e67e   0x0202e67e   0x00000002   PAD
    0x0202e680   0x0202e680   0x00000014   Code   RO           22    .text.gpio_isr      main.o
    0x0202e694   0x0202e694   0x00000042   Code   RO          111    .text.gpio_pluse_num  test_2p4g.o
    0x0202e6d6   0x0202e6d6   0x00000002   PAD
    0x0202e6d8   0x0202e6d8   0x000000ae   Code   RO          204    .text.handle_command  uart_console.o
    0x0202e786   0x0202e786   0x00000002   PAD
    0x0202e788   0x0202e788   0x0000000e   Code   RO           70    .text.hci_event_command_complete_get_command_opcode  profile.o
    0x0202e796   0x0202e796   0x00000002   PAD
    0x0202e798   0x0202e798   0x0000000c   Code   RO           76    .text.hci_event_le_meta_get_subevent_code  profile.o
    0x0202e7a4   0x0202e7a4   0x0000000c   Code   RO           64    .text.hci_event_packet_get_type  profile.o
    0x0202e7b0   0x0202e7b0   0x0000000c   Code   RO           86    .text.hci_event_packet_get_user_msg  profile.o
    0x0202e7bc   0x0202e7bc   0x0000003a   Code   RO          115    .text.ing24g_test_do_switch_to_2p4g  test_2p4g.o
    0x0202e7f6   0x0202e7f6   0x00000002   PAD
    0x0202e7f8   0x0202e7f8   0x0000000c   Code   RO          117    .text.ing24g_test_do_switch_to_BLE  test_2p4g.o
    0x0202e804   0x0202e804   0x00000032   Code   RO          131    .text.ing24g_test_init  test_2p4g.o
    0x0202e836   0x0202e836   0x00000002   PAD
    0x0202e838   0x0202e838   0x0000004e   Code   RO          123    .text.ing24g_test_switch_mode_callback  test_2p4g.o
    0x0202e886   0x0202e886   0x00000002   PAD
    0x0202e888   0x0202e888   0x00000098   Code   RO          129    .text.ing24g_test_switch_mode_handler  test_2p4g.o
    0x0202e920   0x0202e920   0x0000001e   Code   RO          127    .text.ing24g_test_switch_mode_trigger  test_2p4g.o
    0x0202e93e   0x0202e93e   0x00000002   PAD
    0x0202e940   0x0202e940   0x00000038   Code   RO         1622    .text.ing2p4g_get_2g4_work_mode  BLE_2P4G_Switch.lib(ing_2p4g.o)
    0x0202e978   0x0202e978   0x00000038   Code   RO         1620    .text.ing2p4g_get_state  BLE_2P4G_Switch.lib(ing_2p4g.o)
    0x0202e9b0   0x0202e9b0   0x00000014   Code   RO         1606    .text.ing2p4g_init_dual_mode  BLE_2P4G_Switch.lib(ing_2p4g.o)
    0x0202e9c4   0x0202e9c4   0x00000052   Code   RO         1610    .text.ing2p4g_lle_set_parameter  BLE_2P4G_Switch.lib(ing_2p4g.o)
    0x0202ea16   0x0202ea16   0x00000002   PAD
    0x0202ea18   0x0202ea18   0x0000006a   Code   RO         1612    .text.ing2p4g_malloc_cont_mem  BLE_2P4G_Switch.lib(ing_2p4g.o)
    0x0202ea82   0x0202ea82   0x00000002   PAD
    0x0202ea84   0x0202ea84   0x00000082   Code   RO         1616    .text.ing2p4g_rst   BLE_2P4G_Switch.lib(ing_2p4g.o)
    0x0202eb06   0x0202eb06   0x00000002   PAD
    0x0202eb08   0x0202eb08   0x0000006c   Code   RO         1624    .text.ing2p4g_set_2g4_work_mode  BLE_2P4G_Switch.lib(ing_2p4g.o)
    0x0202eb74   0x0202eb74   0x00000076   Code   RO         1586    .text.ing2p4g_set_access_address  BLE_2P4G_Switch.lib(ing_2p4g.o)
    0x0202ebea   0x0202ebea   0x00000002   PAD
    0x0202ebec   0x0202ebec   0x000000a2   Code   RO         1582    .text.ing2p4g_set_channel  BLE_2P4G_Switch.lib(ing_2p4g.o)
    0x0202ec8e   0x0202ec8e   0x00000002   PAD
    0x0202ec90   0x0202ec90   0x00000066   Code   RO         1574    .text.ing2p4g_set_irq_callback  BLE_2P4G_Switch.lib(ing_2p4g.o)
    0x0202ecf6   0x0202ecf6   0x00000002   PAD
    0x0202ecf8   0x0202ecf8   0x000000ce   Code   RO         1588    .text.ing2p4g_set_phy  BLE_2P4G_Switch.lib(ing_2p4g.o)
    0x0202edc6   0x0202edc6   0x00000002   PAD
    0x0202edc8   0x0202edc8   0x00000092   Code   RO         1590    .text.ing2p4g_set_rx_timeout  BLE_2P4G_Switch.lib(ing_2p4g.o)
    0x0202ee5a   0x0202ee5a   0x00000002   PAD
    0x0202ee5c   0x0202ee5c   0x00000092   Code   RO         1584    .text.ing2p4g_set_tx_power  BLE_2P4G_Switch.lib(ing_2p4g.o)
    0x0202eeee   0x0202eeee   0x00000002   PAD
    0x0202eef0   0x0202eef0   0x000000a4   Code   RO         1594    .text.ing2p4g_start_2p4g_rx  BLE_2P4G_Switch.lib(ing_2p4g.o)
    0x0202ef94   0x0202ef94   0x00000044   Code   RO         1632    .text.ing2p4g_switch_to_2G4  BLE_2P4G_Switch.lib(ing_2p4g.o)
    0x0202efd8   0x0202efd8   0x00000070   Code   RO         1634    .text.ing2p4g_switch_to_BLE  BLE_2P4G_Switch.lib(ing_2p4g.o)
    0x0202f048   0x0202f048   0x00000014   Code   RO           90    .text.ing2p4g_switch_to_ble_mode_complete  profile.o
    0x0202f05c   0x0202f05c   0x0000000e   Code   RO           52    .text.ing2p4g_switch_to_ble_mode_start  profile.o
    0x0202f06a   0x0202f06a   0x00000002   PAD
    0x0202f06c   0x0202f06c   0x0000003e   Code   RO          113    .text.ing_2p4g_config_init  test_2p4g.o
    0x0202f0aa   0x0202f0aa   0x00000002   PAD
    0x0202f0ac   0x0202f0ac   0x00000042   Code   RO          273    .text.is_data_ready  eflash.o
    0x0202f0ee   0x0202f0ee   0x00000002   PAD
    0x0202f0f0   0x0202f0f0   0x0000008e   Code   RO          414    .text.map_int_mode  peripheral_gpio.o
    0x0202f17e   0x0202f17e   0x00000002   PAD
    0x0202f180   0x0202f180   0x00000036   Code   RO           18    .text.on_deep_sleep_wakeup  main.o
    0x0202f1b6   0x0202f1b6   0x00000002   PAD
    0x0202f1b8   0x0202f1b8   0x00000012   Code   RO           16    .text.on_lle_init   main.o
    0x0202f1ca   0x0202f1ca   0x00000002   PAD
    0x0202f1cc   0x0202f1cc   0x0000010e   Code   RO          137    .text.percent_cnt   test_2p4g.o
    0x0202f2da   0x0202f2da   0x00000002   PAD
    0x0202f2dc   0x0202f2dc   0x0000001a   Code   RO          259    .text.program_flash  eflash.o
    0x0202f2f6   0x0202f2f6   0x00000002   PAD
    0x0202f2f8   0x0202f2f8   0x00000016   Code   RO           20    .text.query_deep_sleep_allowed  main.o
    0x0202f30e   0x0202f30e   0x00000002   PAD
    0x0202f310   0x0202f310   0x00000050   Code   RO          267    .text.read_flash_security  eflash.o
    0x0202f360   0x0202f360   0x00000006   Code   RO          269    .text.security_page_read  eflash.o
    0x0202f366   0x0202f366   0x00000002   PAD
    0x0202f368   0x0202f368   0x00000032   Code   RO          775    .text.set_reg_bit   peripheral_sysctrl.o
    0x0202f39a   0x0202f39a   0x00000002   PAD
    0x0202f39c   0x0202f39c   0x00000044   Code   RO          538    .text.set_reg_bits  peripheral_pinctrl.o
    0x0202f3e0   0x0202f3e0   0x0000003a   Code   RO          777    .text.set_reg_bits  peripheral_sysctrl.o
    0x0202f41a   0x0202f41a   0x00000002   PAD
    0x0202f41c   0x0202f41c   0x0000006c   Code   RO           68    .text.setup_adv     profile.o
    0x0202f488   0x0202f488   0x00000076   Code   RO           14    .text.setup_peripherals  main.o
    0x0202f4fe   0x0202f4fe   0x00000002   PAD
    0x0202f500   0x0202f500   0x0000004c   Code   RO           54    .text.setup_profile  profile.o
    0x0202f54c   0x0202f54c   0x000000a0   Code   RO          536    .text.source_id_on_pin  peripheral_pinctrl.o
    0x0202f5ec   0x0202f5ec   0x0000000e   Code   RO         1527    .text.trace_rtt_init  trace.o
    0x0202f5fa   0x0202f5fa   0x00000002   PAD
    0x0202f5fc   0x0202f5fc   0x0000007c   Code   RO          164    .text.tx_data       uart_console.o
    0x0202f678   0x0202f678   0x0000003e   Code   RO          206    .text.uart_console_start  uart_console.o
    0x0202f6b6   0x0202f6b6   0x00000002   PAD
    0x0202f6b8   0x0202f6b8   0x00000060   Code   RO           24    .text.uart_isr      main.o
    0x0202f718   0x0202f718   0x00000010   Code   RO           88    .text.user_msg_handler  profile.o
    0x0202f728   0x0202f728   0x00000130   Code   RO           60    .text.user_packet_handler  profile.o
    0x0202f858   0x0202f858   0x00000042   Code   RO          263    .text.write_flash   eflash.o
    0x0202f89a   0x0202f89a   0x00000002   PAD
    0x0202f89c   0x0202f89c   0x000000ca   Code   RO          261    .text.write_flash0  eflash.o
    0x0202f966   0x0202f966   0x00000002   PAD
    0x0202f968   0x0202f968   0x00000020   Code   RO         1995    i.__0printf         mc_w.l(printfa.o)
    0x0202f988   0x0202f988   0x0000000e   Code   RO         2111    i.__scatterload_copy  mc_w.l(handlers.o)
    0x0202f996   0x0202f996   0x00000002   Code   RO         2112    i.__scatterload_null  mc_w.l(handlers.o)
    0x0202f998   0x0202f998   0x0000000e   Code   RO         2113    i.__scatterload_zeroinit  mc_w.l(handlers.o)
    0x0202f9a6   0x0202f9a6   0x00000002   PAD
    0x0202f9a8   0x0202f9a8   0x00000184   Code   RO         2002    i._fp_digits        mc_w.l(printfa.o)
    0x0202fb2c   0x0202fb2c   0x000006dc   Code   RO         2003    i._printf_core      mc_w.l(printfa.o)
    0x02030208   0x02030208   0x00000024   Code   RO         2004    i._printf_post_padding  mc_w.l(printfa.o)
    0x0203022c   0x0203022c   0x0000002e   Code   RO         2005    i._printf_pre_padding  mc_w.l(printfa.o)
    0x0203025a   0x0203025a   0x00000002   PAD
    0x0203025c   0x0203025c   0x00000024   Code   RO         1972    i.puts              mc_w.l(puts.o)
    0x02030280   0x02030280   0x00000015   Data   RO          102    .rodata.adv_data    profile.o
    0x02030295   0x02030295   0x00000001   PAD
    0x02030296   0x02030296   0x00000006   Data   RO           99    .rodata.adv_sets_en  profile.o
    0x0203029c   0x0203029c   0x00000060   Data   RO           36    .rodata.evt_cb_table  main.o
    0x020302fc   0x020302fc   0x00000011   Data   RO          228    .rodata.handle_command.unknow_cmd  uart_console.o
    0x0203030d   0x0203030d   0x000003c6   Data   RO          217    .rodata.help        uart_console.o
    0x020306d3   0x020306d3   0x0000031e   Data   RO          554    .rodata.io_output_source_map  peripheral_pinctrl.o
    0x020309f1   0x020309f1   0x00000002   Data   RO          100    .rodata.profile_data  profile.o
    0x020309f3   0x020309f3   0x00000048   Data   RO          287    .rodata.prog_security_page_read  eflash.o
    0x02030a3b   0x02030a3b   0x00000001   Data   RO          103    .rodata.scan_data   profile.o
    0x02030a3c   0x02030a3c   0x00000006   Data   RO          101    .rodata.setup_adv.rand_addr  profile.o
    0x02030a42   0x02030a42   0x00000095   Data   RO           34    .rodata.str1.1      main.o
    0x02030ad7   0x02030ad7   0x00000115   Data   RO           96    .rodata.str1.1      profile.o
    0x02030bec   0x02030bec   0x000000c5   Data   RO          140    .rodata.str1.1      test_2p4g.o
    0x02030cb1   0x02030cb1   0x00000321   Data   RO          218    .rodata.str1.1      uart_console.o
    0x02030fd2   0x02030fd2   0x00000014   Data   RO         1562    .rodata.str1.1      trace.o
    0x02030fe6   0x02030fe6   0x00000019   Data   RO         1648    .rodata.str1.1      BLE_2P4G_Switch.lib(ing_2p4g.o)
    0x02030fff   0x02030fff   0x00000001   PAD
    0x02031000   0x02031000   0x00000020   Data   RO         2110    Region$$Table       anon$$obj.o


    Execution Region RW_IRAM1 (Exec base: 0x20005460, Load base: 0x02031020, Size: 0x00000d04, Max: 0x00002ba0, ABSOLUTE)

    Exec Addr    Load Addr    Size         Type   Attr      Idx    E Section Name        Object

    0x20005460   0x02031020   0x00000004   Data   RW         2076    .data               mc_w.l(stdout.o)
    0x20005464   0x02031024   0x00000008   Data   RW           97    .data.bleSta        profile.o
    0x2000546c   0x0203102c   0x00000004   Data   RW          220    .data.cmd_access_address_set.aa  uart_console.o
    0x20005470   0x02031030   0x00000002   Data   RW          222    .data.cmd_channel_set.channel  uart_console.o
    0x20005472   0x02031032   0x00000001   Data   RW          219    .data.cmd_phy_set.phy  uart_console.o
    0x20005473   0x02031033   0x00000001   Data   RW          221    .data.cmd_power_set.power  uart_console.o
    0x20005474   0x02031034   0x00000004   Data   RW          223    .data.cmd_rx_timeout_set.timeout  uart_console.o
    0x20005478   0x02031038   0x000000a8   Data   RW          229    .data.cmds          uart_console.o
    0x20005520   0x020310e0   0x00000001   Data   RW          226    .data.ing2g4_len    uart_console.o
    0x20005521   0x020310e1   0x00000020   Data   RW          227    .data.ing2g4_tx_data  uart_console.o
    0x20005541   0x02031101   0x00000001   Data   RW          145    .data.master_tx_len  test_2p4g.o
    0x20005542   0x02031102   0x00000002   PAD
    0x20005544   0x02031104   0x00000004   Data   RW         1656    .data.rssi_listen_window_size  BLE_2P4G_Switch.lib(ing_2p4g.o)
    0x20005548   0x02031108   0x00000001   Data   RW          147    .data.slave_tx_len  test_2p4g.o
    0x20005549   0x02031109   0x00000020   Data   RW          146    .data.tx_data       test_2p4g.o
    0x20005569   0x02031129   0x00000007   PAD
    0x20005570        -       0x00000001   Zero   RW          148    .bss.EventIrqCallBack.mode  test_2p4g.o
    0x20005571   0x02031129   0x00000003   PAD
    0x20005574        -       0x0000001c   Zero   RW         1651    .bss.ING2P4G_Config  BLE_2P4G_Switch.lib(ing_2p4g.o)
    0x20005590        -       0x0000010c   Zero   RW         1652    .bss.RxPkt          BLE_2P4G_Switch.lib(ing_2p4g.o)
    0x2000569c        -       0x00000102   Zero   RW          149    .bss.RxPkt111       test_2p4g.o
    0x2000579e   0x02031129   0x00000002   PAD
    0x200057a0        -       0x00000014   Zero   RW         1653    .bss.TxPacketBuffer  BLE_2P4G_Switch.lib(ing_2p4g.o)
    0x200057b4        -       0x00000048   Zero   RW         1559    .bss._SEGGER_RTT    trace.o
    0x200057fc        -       0x00000010   Zero   RW         1566    .bss._acDownBuffer  trace.o
    0x2000580c        -       0x000001f4   Zero   RW         1565    .bss._acUpBuffer    trace.o
    0x20005a00        -       0x00000004   Zero   RW          232    .bss.cmd_event      uart_console.o
    0x20005a04        -       0x00000102   Zero   RW          224    .bss.cmd_rx_data_get.rx_packet  uart_console.o
    0x20005b06        -       0x00000001   Zero   RW          142    .bss.comm_mode      test_2p4g.o
    0x20005b07        -       0x00000001   Zero   RW         1649    .bss.comm_mode      BLE_2P4G_Switch.lib(ing_2p4g.o)
    0x20005b08        -       0x00000001   Zero   RW          141    .bss.continus_2g4   test_2p4g.o
    0x20005b09   0x02031129   0x00000003   PAD
    0x20005b0c        -       0x00000008   Zero   RW           98    .bss.hci_event_callback_registration  profile.o
    0x20005b14        -       0x00000001   Zero   RW          144    .bss.ing24g_test_switch_mode_handler.mode  test_2p4g.o
    0x20005b15        -       0x00000001   Zero   RW          143    .bss.ing24g_test_switch_mode_handler.operate_flag  test_2p4g.o
    0x20005b16   0x02031129   0x00000002   PAD
    0x20005b18        -       0x00000010   Zero   RW         1647    .bss.ing2p4g_callback  BLE_2P4G_Switch.lib(ing_2p4g.o)
    0x20005b28        -       0x00000001   Zero   RW         1650    .bss.ing2p4g_state  BLE_2P4G_Switch.lib(ing_2p4g.o)
    0x20005b29   0x02031129   0x00000003   PAD
    0x20005b2c        -       0x0000001c   Zero   RW          139    .bss.ing_2p4g_config  test_2p4g.o
    0x20005b48        -       0x000002cc   Zero   RW          230    .bss.input          uart_console.o
    0x20005e14        -       0x000002cc   Zero   RW          231    .bss.output         uart_console.o
    0x200060e0        -       0x00000004   Zero   RW         1644    .bss.p_ecpt         BLE_2P4G_Switch.lib(ing_2p4g.o)
    0x200060e4        -       0x00000004   Zero   RW         1646    .bss.p_rxcont       BLE_2P4G_Switch.lib(ing_2p4g.o)
    0x200060e8        -       0x00000004   Zero   RW         1645    .bss.p_txcont       BLE_2P4G_Switch.lib(ing_2p4g.o)
    0x200060ec        -       0x00000002   Zero   RW          151    .bss.percent_cnt.ack_cnt  test_2p4g.o
    0x200060ee        -       0x00000002   Zero   RW          152    .bss.percent_cnt.miss_cnt  test_2p4g.o
    0x200060f0        -       0x00000002   Zero   RW          150    .bss.percent_cnt.test_cnt  test_2p4g.o
    0x200060f2   0x02031129   0x00000002   PAD
    0x200060f4        -       0x00000004   Zero   RW          154    .bss.percent_cnt.tick_end  test_2p4g.o
    0x200060f8        -       0x00000004   Zero   RW          153    .bss.percent_cnt.tick_start  test_2p4g.o
    0x200060fc        -       0x00000050   Zero   RW         1654    .bss.reg_backup     BLE_2P4G_Switch.lib(ing_2p4g.o)
    0x2000614c        -       0x00000010   Zero   RW          225    .bss.test_tick_us   uart_console.o
    0x2000615c        -       0x00000001   Zero   RW           35    .bss.trace_ctx      main.o
    0x2000615d   0x02031129   0x00000003   PAD
    0x20006160        -       0x00000004   Zero   RW          247    STACK               startup_ing91600.o


==============================================================================

Image component sizes


      Code (inc. data)   RO Data    RW Data    ZI Data      Debug   Object Name

       786          0         72          0          0       6333   eflash.o
       754          0        245          0          1      14172   main.o
        58          0          0          0          0       1364   my_irq.o
      1112          0          0          0          0       7659   peripheral_gpio.o
       794          0        798          0          0      13970   peripheral_pinctrl.o
      1336         50          0          0          0      23089   peripheral_sysctrl.o
       332          0          0          0          0       5856   peripheral_uart.o
      1454          0        313          8          8       6993   profile.o
        76         22        288          0          4        560   startup_ing91600.o
      1068          0        197         34        305       5063   test_2p4g.o
      1000          0         20          0        588      22353   trace.o
      2670          0       1784        213       1710       7939   uart_console.o

    ----------------------------------------------------------------------
     11576         72       3750        260       2635     115351   Object Totals
         0          0         32          0          0          0   (incl. Generated)
       136          0          1          5         19          0   (incl. Padding)

    ----------------------------------------------------------------------

      Code (inc. data)   RO Data    RW Data    ZI Data      Debug   Library Member Name

      5360          0         25          4        426      94797   ing_2p4g.o
         0          0          0          0          0          0   entry.o
         0          0          0          0          0          0   entry10a.o
         0          0          0          0          0          0   entry11a.o
         8          4          0          0          0          0   entry2.o
         4          0          0          0          0          0   entry5.o
         0          0          0          0          0          0   entry7b.o
         0          0          0          0          0          0   entry8b.o
         8          4          0          0          0          0   entry9a.o
        30          0          0          0          0          0   handlers.o
        36          8          0          0          0         68   init.o
         0          0          0          0          0          0   iusefp.o
        30          0          0          0          0         68   llshl.o
        36          0          0          0          0         68   llsshr.o
        32          0          0          0          0         68   llushr.o
        26          0          0          0          0         80   memcmp.o
        36          0          0          0          0         68   memcpya.o
      2258         90          0          0          0        452   printfa.o
        36          6          0          0          0         80   puts.o
         0          0          0          4          0          0   stdout.o
        42          0          0          0          0         84   strcasecmp.o
        18          0          0          0          0         68   strcpy.o
        14          0          0          0          0         68   strlen.o
        12          0          0          0          0         68   tolower.o
        44          0          0          0          0         80   uidiv.o
        98          0          0          0          0         92   uldiv.o
        48          0          0          0          0         68   cdrcmple.o
       334          0          0          0          0        148   dadd.o
       222          0          0          0          0        100   ddiv.o
       186          0          0          0          0        176   depilogue.o
        48          0          0          0          0         68   dfixul.o
       228          0          0          0          0         96   dmul.o
        38          0          0          0          0         68   f2d.o

    ----------------------------------------------------------------------
      9256        112         26          8        429      96933   Library Totals
        24          0          1          0          3          0   (incl. Padding)

    ----------------------------------------------------------------------

      Code (inc. data)   RO Data    RW Data    ZI Data      Debug   Library Name

      5360          0         25          4        426      94797   BLE_2P4G_Switch.lib
      2768        112          0          4          0       1412   mc_w.l
      1104          0          0          0          0        724   mf_w.l

    ----------------------------------------------------------------------
      9256        112         26          8        429      96933   Library Totals

    ----------------------------------------------------------------------

==============================================================================


      Code (inc. data)   RO Data    RW Data    ZI Data      Debug   

     20832        184       3776        268       3064     211176   Grand Totals
     20832        184       3776        268       3064     211176   ELF Image Totals
     20832        184       3776        268          0          0   ROM Totals

==============================================================================

    Total RO  Size (Code + RO Data)                24608 (  24.03kB)
    Total RW  Size (RW Data + ZI Data)              3332 (   3.25kB)
    Total ROM Size (Code + RO Data + RW Data)      24876 (  24.29kB)

==============================================================================

